Archive member included to satisfy reference by file (symbol)

c:/program files (x86)/atmel/studio/7.0/toolchain/arm/arm-gnu-toolchain/bin/../lib/gcc/arm-none-eabi/6.3.1/../../../../arm-none-eabi/lib/thumb/v7-m\libc.a(lib_a-exit.o)
                              c:/program files (x86)/atmel/studio/7.0/toolchain/arm/arm-gnu-toolchain/bin/../lib/gcc/arm-none-eabi/6.3.1/../../../../arm-none-eabi/lib/thumb/v7-m/crt0.o (exit)
c:/program files (x86)/atmel/studio/7.0/toolchain/arm/arm-gnu-toolchain/bin/../lib/gcc/arm-none-eabi/6.3.1/../../../../arm-none-eabi/lib/thumb/v7-m\libc.a(lib_a-impure.o)
                              c:/program files (x86)/atmel/studio/7.0/toolchain/arm/arm-gnu-toolchain/bin/../lib/gcc/arm-none-eabi/6.3.1/../../../../arm-none-eabi/lib/thumb/v7-m\libc.a(lib_a-exit.o) (_global_impure_ptr)
c:/program files (x86)/atmel/studio/7.0/toolchain/arm/arm-gnu-toolchain/bin/../lib/gcc/arm-none-eabi/6.3.1/../../../../arm-none-eabi/lib/thumb/v7-m\libc.a(lib_a-init.o)
                              c:/program files (x86)/atmel/studio/7.0/toolchain/arm/arm-gnu-toolchain/bin/../lib/gcc/arm-none-eabi/6.3.1/../../../../arm-none-eabi/lib/thumb/v7-m/crt0.o (__libc_init_array)
c:/program files (x86)/atmel/studio/7.0/toolchain/arm/arm-gnu-toolchain/bin/../lib/gcc/arm-none-eabi/6.3.1/../../../../arm-none-eabi/lib/thumb/v7-m\libc.a(lib_a-memcpy.o)
                              src/ASF/thirdparty/freertos/freertos-7.3.0/source/queue.o (memcpy)
c:/program files (x86)/atmel/studio/7.0/toolchain/arm/arm-gnu-toolchain/bin/../lib/gcc/arm-none-eabi/6.3.1/../../../../arm-none-eabi/lib/thumb/v7-m\libc.a(lib_a-memset.o)
                              c:/program files (x86)/atmel/studio/7.0/toolchain/arm/arm-gnu-toolchain/bin/../lib/gcc/arm-none-eabi/6.3.1/../../../../arm-none-eabi/lib/thumb/v7-m/crt0.o (memset)
c:/program files (x86)/atmel/studio/7.0/toolchain/arm/arm-gnu-toolchain/bin/../lib/gcc/arm-none-eabi/6.3.1/../../../../arm-none-eabi/lib/thumb/v7-m\libc.a(lib_a-setbuf.o)
                              src/main.o (setbuf)
c:/program files (x86)/atmel/studio/7.0/toolchain/arm/arm-gnu-toolchain/bin/../lib/gcc/arm-none-eabi/6.3.1/../../../../arm-none-eabi/lib/thumb/v7-m\libc.a(lib_a-setvbuf.o)
                              c:/program files (x86)/atmel/studio/7.0/toolchain/arm/arm-gnu-toolchain/bin/../lib/gcc/arm-none-eabi/6.3.1/../../../../arm-none-eabi/lib/thumb/v7-m\libc.a(lib_a-setbuf.o) (setvbuf)
c:/program files (x86)/atmel/studio/7.0/toolchain/arm/arm-gnu-toolchain/bin/../lib/gcc/arm-none-eabi/6.3.1/../../../../arm-none-eabi/lib/thumb/v7-m\libc.a(lib_a-sprintf.o)
                              src/ASF/thirdparty/freertos/freertos-7.3.0/source/tasks.o (sprintf)
c:/program files (x86)/atmel/studio/7.0/toolchain/arm/arm-gnu-toolchain/bin/../lib/gcc/arm-none-eabi/6.3.1/../../../../arm-none-eabi/lib/thumb/v7-m\libc.a(lib_a-strcat.o)
                              src/ASF/thirdparty/freertos/freertos-7.3.0/source/tasks.o (strcat)
c:/program files (x86)/atmel/studio/7.0/toolchain/arm/arm-gnu-toolchain/bin/../lib/gcc/arm-none-eabi/6.3.1/../../../../arm-none-eabi/lib/thumb/v7-m\libc.a(lib_a-strcpy.o)
                              c:/program files (x86)/atmel/studio/7.0/toolchain/arm/arm-gnu-toolchain/bin/../lib/gcc/arm-none-eabi/6.3.1/../../../../arm-none-eabi/lib/thumb/v7-m\libc.a(lib_a-strcat.o) (strcpy)
c:/program files (x86)/atmel/studio/7.0/toolchain/arm/arm-gnu-toolchain/bin/../lib/gcc/arm-none-eabi/6.3.1/../../../../arm-none-eabi/lib/thumb/v7-m\libc.a(lib_a-strlen-stub.o)
                              src/ASF/thirdparty/freertos/freertos-7.3.0/source/FreeRTOS_CLI.o (strlen)
c:/program files (x86)/atmel/studio/7.0/toolchain/arm/arm-gnu-toolchain/bin/../lib/gcc/arm-none-eabi/6.3.1/../../../../arm-none-eabi/lib/thumb/v7-m\libc.a(lib_a-strncmp.o)
                              src/ASF/thirdparty/freertos/freertos-7.3.0/source/FreeRTOS_CLI.o (strncmp)
c:/program files (x86)/atmel/studio/7.0/toolchain/arm/arm-gnu-toolchain/bin/../lib/gcc/arm-none-eabi/6.3.1/../../../../arm-none-eabi/lib/thumb/v7-m\libc.a(lib_a-strncpy.o)
                              src/ASF/thirdparty/freertos/freertos-7.3.0/source/FreeRTOS_CLI.o (strncpy)
c:/program files (x86)/atmel/studio/7.0/toolchain/arm/arm-gnu-toolchain/bin/../lib/gcc/arm-none-eabi/6.3.1/../../../../arm-none-eabi/lib/thumb/v7-m\libc.a(lib_a-svfprintf.o)
                              c:/program files (x86)/atmel/studio/7.0/toolchain/arm/arm-gnu-toolchain/bin/../lib/gcc/arm-none-eabi/6.3.1/../../../../arm-none-eabi/lib/thumb/v7-m\libc.a(lib_a-sprintf.o) (_svfprintf_r)
c:/program files (x86)/atmel/studio/7.0/toolchain/arm/arm-gnu-toolchain/bin/../lib/gcc/arm-none-eabi/6.3.1/../../../../arm-none-eabi/lib/thumb/v7-m\libc.a(lib_a-__call_atexit.o)
                              c:/program files (x86)/atmel/studio/7.0/toolchain/arm/arm-gnu-toolchain/bin/../lib/gcc/arm-none-eabi/6.3.1/../../../../arm-none-eabi/lib/thumb/v7-m\libc.a(lib_a-exit.o) (__call_exitprocs)
[...]
Memory Configuration

Name             Origin             Length             Attributes
rom              0x00080000         0x00080000         xr
sram0            0x20000000         0x00010000         xrw
sram1            0x20080000         0x00008000         xrw
ram              0x20070000         0x00018000         xrw
*default*        0x00000000         0xffffffff

Linker script and memory map

LOAD c:/program files (x86)/atmel/studio/7.0/toolchain/arm/arm-gnu-toolchain/bin/../lib/gcc/arm-none-eabi/6.3.1/thumb/v7-m/crti.o
LOAD c:/program files (x86)/atmel/studio/7.0/toolchain/arm/arm-gnu-toolchain/bin/../lib/gcc/arm-none-eabi/6.3.1/thumb/v7-m/crtbegin.o
LOAD c:/program files (x86)/atmel/studio/7.0/toolchain/arm/arm-gnu-toolchain/bin/../lib/gcc/arm-none-eabi/6.3.1/../../../../arm-none-eabi/lib/thumb/v7-m/crt0.o
LOAD src/ASF/common/components/display/ili9341/ili9341.o
LOAD src/ASF/common/services/delay/sam/cycle_counter.o
LOAD src/ASF/common/services/serial/usart_serial.o
LOAD src/ASF/common/services/spi/sam_spi/spi_master.o
LOAD src/ASF/common/utils/stdio/read.o
LOAD src/ASF/common/utils/stdio/write.o
LOAD src/ASF/sam/drivers/spi/spi.o
LOAD src/ASF/sam/drivers/uart/uart.o
LOAD src/ASF/sam/drivers/usart/usart.o
LOAD src/ASF/thirdparty/freertos/freertos-7.3.0/source/FreeRTOS_CLI.o
LOAD src/ASF/thirdparty/freertos/freertos-7.3.0/source/list.o
LOAD src/ASF/thirdparty/freertos/freertos-7.3.0/source/portable/gcc/sam/port.o
LOAD src/ASF/thirdparty/freertos/freertos-7.3.0/source/portable/memmang/heap_4.o
LOAD src/ASF/thirdparty/freertos/freertos-7.3.0/source/queue.o
LOAD src/ASF/thirdparty/freertos/freertos-7.3.0/source/tasks.o
LOAD src/ASF/thirdparty/freertos/freertos-7.3.0/source/timers.o
LOAD src/ASF/common/services/clock/sam3x/sysclk.o
LOAD src/ASF/common/utils/interrupt/interrupt_sam_nvic.o
LOAD src/ASF/sam/boards/arduino_due_x/init.o
LOAD src/ASF/sam/drivers/pio/pio.o
LOAD src/ASF/sam/drivers/pio/pio_handler.o
LOAD src/ASF/sam/drivers/pmc/pmc.o
LOAD src/ASF/sam/drivers/pmc/sleep.o
LOAD src/ASF/sam/utils/cmsis/sam3x/source/templates/exceptions.o
LOAD src/ASF/sam/utils/cmsis/sam3x/source/templates/gcc/startup_sam3x.o
LOAD src/ASF/sam/utils/cmsis/sam3x/source/templates/system_sam3x.o
LOAD src/ASF/sam/utils/syscalls/gcc/syscalls.o
LOAD src/main.o
START GROUP
LOAD ../src/ASF/thirdparty/CMSIS/Lib/GCC\libarm_cortexM3l_math.a
LOAD c:/program files (x86)/atmel/studio/7.0/toolchain/arm/arm-gnu-toolchain/bin/../lib/gcc/arm-none-eabi/6.3.1/../../../../arm-none-eabi/lib/thumb/v7-m\libm.a
END GROUP
START GROUP
LOAD c:/program files (x86)/atmel/studio/7.0/toolchain/arm/arm-gnu-toolchain/bin/../lib/gcc/arm-none-eabi/6.3.1/thumb/v7-m\libgcc.a
LOAD c:/program files (x86)/atmel/studio/7.0/toolchain/arm/arm-gnu-toolchain/bin/../lib/gcc/arm-none-eabi/6.3.1/../../../../arm-none-eabi/lib/thumb/v7-m\libc.a
END GROUP
LOAD c:/program files (x86)/atmel/studio/7.0/toolchain/arm/arm-gnu-toolchain/bin/../lib/gcc/arm-none-eabi/6.3.1/thumb/v7-m/crtend.o
LOAD c:/program files (x86)/atmel/studio/7.0/toolchain/arm/arm-gnu-toolchain/bin/../lib/gcc/arm-none-eabi/6.3.1/thumb/v7-m/crtn.o
                0x00002000                __stack_size__ = DEFINED (__stack_size__)?__stack_size__:0x2000
                0x20087ffc                __ram_end__ = ((ORIGIN (ram) + LENGTH (ram)) - 0x4)

.text           0x00080000     0x2728
                0x00080000                . = ALIGN (0x4)
                0x00080000                _sfixed = .
 *(.vectors .vectors.*)
 .vectors       0x00080000       0xf4 src/ASF/sam/utils/cmsis/sam3x/source/templates/gcc/startup_sam3x.o
                0x00080000                exception_table
 *(.text .text.* .gnu.linkonce.t.*)
 .text          0x000800f4       0x6c c:/program files (x86)/atmel/studio/7.0/toolchain/arm/arm-gnu-toolchain/bin/../lib/gcc/arm-none-eabi/6.3.1/thumb/v7-m/crtbegin.o
 .text.ili9341_send_command
                0x00080160       0x38 src/ASF/common/components/display/ili9341/ili9341.o
 .text.ili9341_send_draw_limits
                0x00080198       0xf8 src/ASF/common/components/display/ili9341/ili9341.o
 .text.ili9341_set_top_left_limit
                0x00080290       0x20 src/ASF/common/components/display/ili9341/ili9341.o
                0x00080290                ili9341_set_top_left_limit
 .text.ili9341_set_bottom_right_limit
                0x000802b0       0x20 src/ASF/common/components/display/ili9341/ili9341.o
                0x000802b0                ili9341_set_bottom_right_limit
 .text.ili9341_set_limits
                0x000802d0       0x30 src/ASF/common/components/display/ili9341/ili9341.o
                0x000802d0                ili9341_set_limits
 .text.ili9341_duplicate_pixel
                0x00080300       0x54 src/ASF/common/components/display/ili9341/ili9341.o
                0x00080300                ili9341_duplicate_pixel
 .text.ili9341_set_orientation
                0x00080354       0x5c src/ASF/common/components/display/ili9341/ili9341.o
                0x00080354                ili9341_set_orientation
 .text.ili9341_init
                0x000803b0      0x2dc src/ASF/common/components/display/ili9341/ili9341.o
                0x000803b0                ili9341_init
 .text.spi_master_init
                0x0008068c       0x54 src/ASF/common/services/spi/sam_spi/spi_master.o
                0x0008068c                spi_master_init
 .text.spi_master_setup_device
                0x000806e0       0x80 src/ASF/common/services/spi/sam_spi/spi_master.o
                0x000806e0                spi_master_setup_device
 .text._read    0x00080760       0x3c src/ASF/common/utils/stdio/read.o
                0x00080760                _read
 .text._write   0x0008079c       0x50 src/ASF/common/utils/stdio/write.o
                0x0008079c                _write
 .text.spi_enable_clock
                0x000807ec       0x1c src/ASF/sam/drivers/spi/spi.o
                0x000807ec                spi_enable_clock
 .text.spi_set_peripheral_chip_select_value
                0x00080808       0x16 src/ASF/sam/drivers/spi/spi.o
                0x00080808                spi_set_peripheral_chip_select_value
 .text.spi_set_delay_between_chip_select
                0x0008081e       0x12 src/ASF/sam/drivers/spi/spi.o
                0x0008081e                spi_set_delay_between_chip_select
 .text.spi_set_clock_polarity
                0x00080830       0x1e src/ASF/sam/drivers/spi/spi.o
                0x00080830                spi_set_clock_polarity
 .text.spi_set_clock_phase
                0x0008084e       0x1e src/ASF/sam/drivers/spi/spi.o
                0x0008084e                spi_set_clock_phase
 .text.spi_configure_cs_behavior
                0x0008086c       0x46 src/ASF/sam/drivers/spi/spi.o
                0x0008086c                spi_configure_cs_behavior
 .text.spi_set_bits_per_transfer
                0x000808b2       0x14 src/ASF/sam/drivers/spi/spi.o
                0x000808b2                spi_set_bits_per_transfer
 .text.spi_calc_baudrate_div
                0x000808c6       0x16 src/ASF/sam/drivers/spi/spi.o
                0x000808c6                spi_calc_baudrate_div
 .text.spi_set_baudrate_div
                0x000808dc       0x26 src/ASF/sam/drivers/spi/spi.o
                0x000808dc                spi_set_baudrate_div
 .text.spi_set_transfer_delay
                0x00080902       0x1c src/ASF/sam/drivers/spi/spi.o
                0x00080902                spi_set_transfer_delay
 .text.uart_init
                0x0008091e       0x36 src/ASF/sam/drivers/uart/uart.o
                0x0008091e                uart_init
 .text.uart_write
                0x00080954       0x10 src/ASF/sam/drivers/uart/uart.o
                0x00080954                uart_write
 .text.uart_read
                0x00080964       0x12 src/ASF/sam/drivers/uart/uart.o
                0x00080964                uart_read
 .text.usart_write
                0x00080976       0x14 src/ASF/sam/drivers/usart/usart.o
                0x00080976                usart_write
 .text.usart_read
                0x0008098a       0x18 src/ASF/sam/drivers/usart/usart.o
                0x0008098a                usart_read
 .text.vListInsertEnd
                0x000809a2       0x1c src/ASF/thirdparty/freertos/freertos-7.3.0/source/list.o
                0x000809a2                vListInsertEnd
 .text.uxListRemove
                0x000809be       0x26 src/ASF/thirdparty/freertos/freertos-7.3.0/source/list.o
                0x000809be                uxListRemove
 .text.SVC_Handler
                0x000809e4       0x20 src/ASF/thirdparty/freertos/freertos-7.3.0/source/portable/gcc/sam/port.o
                0x000809e4                SVC_Handler
 .text.ulPortSetInterruptMask
                0x00080a04       0x10 src/ASF/thirdparty/freertos/freertos-7.3.0/source/portable/gcc/sam/port.o
                0x00080a04                ulPortSetInterruptMask
 .text.vPortClearInterruptMask
                0x00080a14        0x6 src/ASF/thirdparty/freertos/freertos-7.3.0/source/portable/gcc/sam/port.o
                0x00080a14                vPortClearInterruptMask
 *fill*         0x00080a1a        0x2 
 .text.PendSV_Handler
                0x00080a1c       0x3c src/ASF/thirdparty/freertos/freertos-7.3.0/source/portable/gcc/sam/port.o
                0x00080a1c                PendSV_Handler
 .text.SysTick_Handler
                0x00080a58       0x2c src/ASF/thirdparty/freertos/freertos-7.3.0/source/portable/gcc/sam/port.o
                0x00080a58                SysTick_Handler
 .text.vTaskIncrementTick
                0x00080a84      0x128 src/ASF/thirdparty/freertos/freertos-7.3.0/source/tasks.o
                0x00080a84                vTaskIncrementTick
 .text.vTaskSwitchContext
                0x00080bac       0xa0 src/ASF/thirdparty/freertos/freertos-7.3.0/source/tasks.o
                0x00080bac                vTaskSwitchContext
 .text.sysclk_init
                0x00080c4c       0x64 src/ASF/common/services/clock/sam3x/sysclk.o
                0x00080c4c                sysclk_init
 .text.board_init
                0x00080cb0       0xa0 src/ASF/sam/boards/arduino_due_x/init.o
                0x00080cb0                board_init
 .text.pio_set_peripheral
                0x00080d50       0x3e src/ASF/sam/drivers/pio/pio.o
                0x00080d50                pio_set_peripheral
 .text.pio_set_input
                0x00080d8e       0x32 src/ASF/sam/drivers/pio/pio.o
                0x00080d8e                pio_set_input
 .text.pio_set_output
                0x00080dc0       0x26 src/ASF/sam/drivers/pio/pio.o
                0x00080dc0                pio_set_output
 .text.pio_get_interrupt_status
                0x00080de6        0x4 src/ASF/sam/drivers/pio/pio.o
                0x00080de6                pio_get_interrupt_status
 .text.pio_get_interrupt_mask
                0x00080dea        0x4 src/ASF/sam/drivers/pio/pio.o
                0x00080dea                pio_get_interrupt_mask
 *fill*         0x00080dee        0x2 
 .text.pio_configure_pin
                0x00080df0       0xd0 src/ASF/sam/drivers/pio/pio.o
                0x00080df0                pio_configure_pin
 .text.pio_configure_pin_group
                0x00080ec0       0x9c src/ASF/sam/drivers/pio/pio.o
                0x00080ec0                pio_configure_pin_group
 .text.pio_handler_process
                0x00080f5c       0x50 src/ASF/sam/drivers/pio/pio_handler.o
                0x00080f5c                pio_handler_process
 .text.PIOA_Handler
                0x00080fac       0x14 src/ASF/sam/drivers/pio/pio_handler.o
                0x00080fac                PIOA_Handler
 .text.PIOB_Handler
                0x00080fc0       0x14 src/ASF/sam/drivers/pio/pio_handler.o
                0x00080fc0                PIOB_Handler
 .text.PIOC_Handler
                0x00080fd4       0x14 src/ASF/sam/drivers/pio/pio_handler.o
                0x00080fd4                PIOC_Handler
 .text.PIOD_Handler
                0x00080fe8       0x14 src/ASF/sam/drivers/pio/pio_handler.o
                0x00080fe8                PIOD_Handler
 .text.pmc_switch_mck_to_pllack
                0x00080ffc       0x64 src/ASF/sam/drivers/pmc/pmc.o
                0x00080ffc                pmc_switch_mck_to_pllack
 .text.pmc_switch_mainck_to_xtal
                0x00081060       0x54 src/ASF/sam/drivers/pmc/pmc.o
                0x00081060                pmc_switch_mainck_to_xtal
 .text.pmc_osc_is_ready_mainck
                0x000810b4       0x10 src/ASF/sam/drivers/pmc/pmc.o
                0x000810b4                pmc_osc_is_ready_mainck
 .text.pmc_disable_pllack
                0x000810c4       0x10 src/ASF/sam/drivers/pmc/pmc.o
                0x000810c4                pmc_disable_pllack
 .text.pmc_is_locked_pllack
                0x000810d4       0x10 src/ASF/sam/drivers/pmc/pmc.o
                0x000810d4                pmc_is_locked_pllack
 .text.pmc_enable_periph_clk
                0x000810e4       0x54 src/ASF/sam/drivers/pmc/pmc.o
                0x000810e4                pmc_enable_periph_clk
 .text.Dummy_Handler
                0x00081138        0x2 src/ASF/sam/utils/cmsis/sam3x/source/templates/exceptions.o
                0x00081138                DACC_Handler
                0x00081138                DebugMon_Handler
                0x00081138                DMAC_Handler
                0x00081138                TRNG_Handler
                0x00081138                HardFault_Handler
                0x00081138                TC2_Handler
                0x00081138                USART3_Handler
                0x00081138                TWI1_Handler
                0x00081138                NMI_Handler
                0x00081138                TC7_Handler
                0x00081138                ADC_Handler
                0x00081138                SMC_Handler
                0x00081138                USART0_Handler
                0x00081138                RTT_Handler
                0x00081138                EFC1_Handler
                0x00081138                RTC_Handler
                0x00081138                UsageFault_Handler
                0x00081138                TC6_Handler
                0x00081138                WDT_Handler
                0x00081138                CAN0_Handler
                0x00081138                TC4_Handler
                0x00081138                TC1_Handler
                0x00081138                HSMCI_Handler
                0x00081138                TC3_Handler
                0x00081138                Dummy_Handler
                0x00081138                TWI0_Handler
                0x00081138                USART1_Handler
                0x00081138                SSC_Handler
                0x00081138                EFC0_Handler
                0x00081138                PMC_Handler
                0x00081138                PWM_Handler
                0x00081138                CAN1_Handler
                0x00081138                MemManage_Handler
                0x00081138                SUPC_Handler
                0x00081138                TC8_Handler
                0x00081138                USART2_Handler
                0x00081138                EMAC_Handler
                0x00081138                UART_Handler
                0x00081138                BusFault_Handler
                0x00081138                RSTC_Handler
                0x00081138                TC0_Handler
                0x00081138                TC5_Handler
                0x00081138                UOTGHS_Handler
                0x00081138                SPI0_Handler
 *fill*         0x0008113a        0x2 
 .text.Reset_Handler
                0x0008113c       0x98 src/ASF/sam/utils/cmsis/sam3x/source/templates/gcc/startup_sam3x.o
                0x0008113c                Reset_Handler
 .text.SystemCoreClockUpdate
                0x000811d4      0x118 src/ASF/sam/utils/cmsis/sam3x/source/templates/system_sam3x.o
                0x000811d4                SystemCoreClockUpdate
 .text._sbrk    0x000812ec       0x38 src/ASF/sam/utils/syscalls/gcc/syscalls.o
                0x000812ec                _sbrk
 .text._close   0x00081324        0x6 src/ASF/sam/utils/syscalls/gcc/syscalls.o
                0x00081324                _close
 .text._fstat   0x0008132a        0xa src/ASF/sam/utils/syscalls/gcc/syscalls.o
                0x0008132a                _fstat
 .text._lseek   0x00081334        0x4 src/ASF/sam/utils/syscalls/gcc/syscalls.o
                0x00081334                _lseek
 .text.usart_serial_getchar
                0x00081338       0xac src/main.o
 .text.usart_serial_putchar
                0x000813e4       0x9c src/main.o
 .text.config_console_uart
                0x00081480       0x7c src/main.o
                0x00081480                config_console_uart
 .text.main     0x000814fc      0x12c src/main.o
                0x000814fc                main
 .text.__libc_init_array
                0x00081628       0x50 c:/program files (x86)/atmel/studio/7.0/toolchain/arm/arm-gnu-toolchain/bin/../lib/gcc/arm-none-eabi/6.3.1/../../../../arm-none-eabi/lib/thumb/v7-m\libc.a(lib_a-init.o)
                0x00081628                __libc_init_array
 .text.memset   0x00081678       0x9c c:/program files (x86)/atmel/studio/7.0/toolchain/arm/arm-gnu-toolchain/bin/../lib/gcc/arm-none-eabi/6.3.1/../../../../arm-none-eabi/lib/thumb/v7-m\libc.a(lib_a-memset.o)
                0x00081678                memset
 .text.setbuf   0x00081714       0x10 c:/program files (x86)/atmel/studio/7.0/toolchain/arm/arm-gnu-toolchain/bin/../lib/gcc/arm-none-eabi/6.3.1/../../../../arm-none-eabi/lib/thumb/v7-m\libc.a(lib_a-setbuf.o)
                0x00081714                setbuf
 .text.setvbuf  0x00081724      0x190 c:/program files (x86)/atmel/studio/7.0/toolchain/arm/arm-gnu-toolchain/bin/../lib/gcc/arm-none-eabi/6.3.1/../../../../arm-none-eabi/lib/thumb/v7-m\libc.a(lib_a-setvbuf.o)
                0x00081724                setvbuf
 .text.startup.register_fini
                0x000818b4       0x14 c:/program files (x86)/atmel/studio/7.0/toolchain/arm/arm-gnu-toolchain/bin/../lib/gcc/arm-none-eabi/6.3.1/../../../../arm-none-eabi/lib/thumb/v7-m\libc.a(lib_a-__call_atexit.o)
 .text.atexit   0x000818c8        0xc c:/program files (x86)/atmel/studio/7.0/toolchain/arm/arm-gnu-toolchain/bin/../lib/gcc/arm-none-eabi/6.3.1/../../../../arm-none-eabi/lib/thumb/v7-m\libc.a(lib_a-atexit.o)
                0x000818c8                atexit
 .text.__sflush_r
                0x000818d4      0x138 c:/program files (x86)/atmel/studio/7.0/toolchain/arm/arm-gnu-toolchain/bin/../lib/gcc/arm-none-eabi/6.3.1/../../../../arm-none-eabi/lib/thumb/v7-m\libc.a(lib_a-fflush.o)
                0x000818d4                __sflush_r
 .text._fflush_r
                0x00081a0c       0x54 c:/program files (x86)/atmel/studio/7.0/toolchain/arm/arm-gnu-toolchain/bin/../lib/gcc/arm-none-eabi/6.3.1/../../../../arm-none-eabi/lib/thumb/v7-m\libc.a(lib_a-fflush.o)
                0x00081a0c                _fflush_r
 .text._cleanup_r
                0x00081a60        0xc c:/program files (x86)/atmel/studio/7.0/toolchain/arm/arm-gnu-toolchain/bin/../lib/gcc/arm-none-eabi/6.3.1/../../../../arm-none-eabi/lib/thumb/v7-m\libc.a(lib_a-findfp.o)
                0x00081a60                _cleanup_r
 .text.std.isra.0
                0x00081a6c       0x50 c:/program files (x86)/atmel/studio/7.0/toolchain/arm/arm-gnu-toolchain/bin/../lib/gcc/arm-none-eabi/6.3.1/../../../../arm-none-eabi/lib/thumb/v7-m\libc.a(lib_a-findfp.o)
 .text.__sinit  0x00081abc       0x60 c:/program files (x86)/atmel/studio/7.0/toolchain/arm/arm-gnu-toolchain/bin/../lib/gcc/arm-none-eabi/6.3.1/../../../../arm-none-eabi/lib/thumb/v7-m\libc.a(lib_a-findfp.o)
                0x00081abc                __sinit
 .text.__sfp_lock_acquire
                0x00081b1c        0xc c:/program files (x86)/atmel/studio/7.0/toolchain/arm/arm-gnu-toolchain/bin/../lib/gcc/arm-none-eabi/6.3.1/../../../../arm-none-eabi/lib/thumb/v7-m\libc.a(lib_a-findfp.o)
                0x00081b1c                __sfp_lock_acquire
 .text.__sfp_lock_release
                0x00081b28        0xc c:/program files (x86)/atmel/studio/7.0/toolchain/arm/arm-gnu-toolchain/bin/../lib/gcc/arm-none-eabi/6.3.1/../../../../arm-none-eabi/lib/thumb/v7-m\libc.a(lib_a-findfp.o)
                0x00081b28                __sfp_lock_release
 .text.__libc_fini_array
                0x00081b34       0x34 c:/program files (x86)/atmel/studio/7.0/toolchain/arm/arm-gnu-toolchain/bin/../lib/gcc/arm-none-eabi/6.3.1/../../../../arm-none-eabi/lib/thumb/v7-m\libc.a(lib_a-fini.o)
                0x00081b34                __libc_fini_array
 .text._malloc_trim_r
                0x00081b68       0xa0 c:/program files (x86)/atmel/studio/7.0/toolchain/arm/arm-gnu-toolchain/bin/../lib/gcc/arm-none-eabi/6.3.1/../../../../arm-none-eabi/lib/thumb/v7-m\libc.a(lib_a-freer.o)
                0x00081b68                _malloc_trim_r
 .text._free_r  0x00081c08      0x1cc c:/program files (x86)/atmel/studio/7.0/toolchain/arm/arm-gnu-toolchain/bin/../lib/gcc/arm-none-eabi/6.3.1/../../../../arm-none-eabi/lib/thumb/v7-m\libc.a(lib_a-freer.o)
                0x00081c08                _free_r
 .text._fwalk_reent
                0x00081dd4       0x50 c:/program files (x86)/atmel/studio/7.0/toolchain/arm/arm-gnu-toolchain/bin/../lib/gcc/arm-none-eabi/6.3.1/../../../../arm-none-eabi/lib/thumb/v7-m\libc.a(lib_a-fwalk.o)
                0x00081dd4                _fwalk_reent
 .text.__retarget_lock_init_recursive
                0x00081e24        0x4 c:/program files (x86)/atmel/studio/7.0/toolchain/arm/arm-gnu-toolchain/bin/../lib/gcc/arm-none-eabi/6.3.1/../../../../arm-none-eabi/lib/thumb/v7-m\libc.a(lib_a-lock.o)
                0x00081e24                __retarget_lock_init_recursive
 .text.__retarget_lock_close_recursive
                0x00081e28        0x4 c:/program files (x86)/atmel/studio/7.0/toolchain/arm/arm-gnu-toolchain/bin/../lib/gcc/arm-none-eabi/6.3.1/../../../../arm-none-eabi/lib/thumb/v7-m\libc.a(lib_a-lock.o)
                0x00081e28                __retarget_lock_close_recursive
 .text.__retarget_lock_acquire_recursive
                0x00081e2c        0x4 c:/program files (x86)/atmel/studio/7.0/toolchain/arm/arm-gnu-toolchain/bin/../lib/gcc/arm-none-eabi/6.3.1/../../../../arm-none-eabi/lib/thumb/v7-m\libc.a(lib_a-lock.o)
                0x00081e2c                __retarget_lock_acquire_recursive
 .text.__retarget_lock_release_recursive
                0x00081e30        0x4 c:/program files (x86)/atmel/studio/7.0/toolchain/arm/arm-gnu-toolchain/bin/../lib/gcc/arm-none-eabi/6.3.1/../../../../arm-none-eabi/lib/thumb/v7-m\libc.a(lib_a-lock.o)
                0x00081e30                __retarget_lock_release_recursive
 .text.__swhatbuf_r
                0x00081e34       0x5c c:/program files (x86)/atmel/studio/7.0/toolchain/arm/arm-gnu-toolchain/bin/../lib/gcc/arm-none-eabi/6.3.1/../../../../arm-none-eabi/lib/thumb/v7-m\libc.a(lib_a-makebuf.o)
                0x00081e34                __swhatbuf_r
 .text.malloc   0x00081e90       0x10 c:/program files (x86)/atmel/studio/7.0/toolchain/arm/arm-gnu-toolchain/bin/../lib/gcc/arm-none-eabi/6.3.1/../../../../arm-none-eabi/lib/thumb/v7-m\libc.a(lib_a-malloc.o)
                0x00081e90                malloc
 .text._malloc_r
                0x00081ea0      0x544 c:/program files (x86)/atmel/studio/7.0/toolchain/arm/arm-gnu-toolchain/bin/../lib/gcc/arm-none-eabi/6.3.1/../../../../arm-none-eabi/lib/thumb/v7-m\libc.a(lib_a-mallocr.o)
                0x00081ea0                _malloc_r
 .text.__malloc_lock
                0x000823e4        0xc c:/program files (x86)/atmel/studio/7.0/toolchain/arm/arm-gnu-toolchain/bin/../lib/gcc/arm-none-eabi/6.3.1/../../../../arm-none-eabi/lib/thumb/v7-m\libc.a(lib_a-mlock.o)
                0x000823e4                __malloc_lock
 .text.__malloc_unlock
                0x000823f0        0xc c:/program files (x86)/atmel/studio/7.0/toolchain/arm/arm-gnu-toolchain/bin/../lib/gcc/arm-none-eabi/6.3.1/../../../../arm-none-eabi/lib/thumb/v7-m\libc.a(lib_a-mlock.o)
                0x000823f0                __malloc_unlock
 .text._sbrk_r  0x000823fc       0x24 c:/program files (x86)/atmel/studio/7.0/toolchain/arm/arm-gnu-toolchain/bin/../lib/gcc/arm-none-eabi/6.3.1/../../../../arm-none-eabi/lib/thumb/v7-m\libc.a(lib_a-sbrkr.o)
                0x000823fc                _sbrk_r
 .text.__sread  0x00082420       0x24 c:/program files (x86)/atmel/studio/7.0/toolchain/arm/arm-gnu-toolchain/bin/../lib/gcc/arm-none-eabi/6.3.1/../../../../arm-none-eabi/lib/thumb/v7-m\libc.a(lib_a-stdio.o)
                0x00082420                __sread
 .text.__swrite
                0x00082444       0x3c c:/program files (x86)/atmel/studio/7.0/toolchain/arm/arm-gnu-toolchain/bin/../lib/gcc/arm-none-eabi/6.3.1/../../../../arm-none-eabi/lib/thumb/v7-m\libc.a(lib_a-stdio.o)
                0x00082444                __swrite
 .text.__sseek  0x00082480       0x20 c:/program files (x86)/atmel/studio/7.0/toolchain/arm/arm-gnu-toolchain/bin/../lib/gcc/arm-none-eabi/6.3.1/../../../../arm-none-eabi/lib/thumb/v7-m\libc.a(lib_a-stdio.o)
                0x00082480                __sseek
 .text.__sclose
                0x000824a0        0x8 c:/program files (x86)/atmel/studio/7.0/toolchain/arm/arm-gnu-toolchain/bin/../lib/gcc/arm-none-eabi/6.3.1/../../../../arm-none-eabi/lib/thumb/v7-m\libc.a(lib_a-stdio.o)
                0x000824a0                __sclose
 .text._write_r
                0x000824a8       0x2c c:/program files (x86)/atmel/studio/7.0/toolchain/arm/arm-gnu-toolchain/bin/../lib/gcc/arm-none-eabi/6.3.1/../../../../arm-none-eabi/lib/thumb/v7-m\libc.a(lib_a-writer.o)
                0x000824a8                _write_r
 .text.__register_exitproc
                0x000824d4       0xc4 c:/program files (x86)/atmel/studio/7.0/toolchain/arm/arm-gnu-toolchain/bin/../lib/gcc/arm-none-eabi/6.3.1/../../../../arm-none-eabi/lib/thumb/v7-m\libc.a(lib_a-__atexit.o)
                0x000824d4                __register_exitproc
 .text._close_r
                0x00082598       0x24 c:/program files (x86)/atmel/studio/7.0/toolchain/arm/arm-gnu-toolchain/bin/../lib/gcc/arm-none-eabi/6.3.1/../../../../arm-none-eabi/lib/thumb/v7-m\libc.a(lib_a-closer.o)
                0x00082598                _close_r
 .text._fclose_r
                0x000825bc       0xc4 c:/program files (x86)/atmel/studio/7.0/toolchain/arm/arm-gnu-toolchain/bin/../lib/gcc/arm-none-eabi/6.3.1/../../../../arm-none-eabi/lib/thumb/v7-m\libc.a(lib_a-fclose.o)
                0x000825bc                _fclose_r
 .text._fstat_r
                0x00082680       0x28 c:/program files (x86)/atmel/studio/7.0/toolchain/arm/arm-gnu-toolchain/bin/../lib/gcc/arm-none-eabi/6.3.1/../../../../arm-none-eabi/lib/thumb/v7-m\libc.a(lib_a-fstatr.o)
                0x00082680                _fstat_r
 .text._lseek_r
                0x000826a8       0x2c c:/program files (x86)/atmel/studio/7.0/toolchain/arm/arm-gnu-toolchain/bin/../lib/gcc/arm-none-eabi/6.3.1/../../../../arm-none-eabi/lib/thumb/v7-m\libc.a(lib_a-lseekr.o)
                0x000826a8                _lseek_r
 .text._read_r  0x000826d4       0x2c c:/program files (x86)/atmel/studio/7.0/toolchain/arm/arm-gnu-toolchain/bin/../lib/gcc/arm-none-eabi/6.3.1/../../../../arm-none-eabi/lib/thumb/v7-m\libc.a(lib_a-readr.o)
                0x000826d4                _read_r
 *(.glue_7t)
 .glue_7t       0x00082700        0x0 linker stubs
 *(.glue_7)
 .glue_7        0x00082700        0x0 linker stubs
 *(.rodata .rodata* .gnu.linkonce.r.*)
 .rodata._global_impure_ptr
                0x00082700        0x4 c:/program files (x86)/atmel/studio/7.0/toolchain/arm/arm-gnu-toolchain/bin/../lib/gcc/arm-none-eabi/6.3.1/../../../../arm-none-eabi/lib/thumb/v7-m\libc.a(lib_a-impure.o)
                0x00082700                _global_impure_ptr
 *(.ARM.extab* .gnu.linkonce.armextab.*)
                0x00082704                . = ALIGN (0x4)
 *(.init)
 .init          0x00082704        0x4 c:/program files (x86)/atmel/studio/7.0/toolchain/arm/arm-gnu-toolchain/bin/../lib/gcc/arm-none-eabi/6.3.1/thumb/v7-m/crti.o
                0x00082704                _init
 .init          0x00082708        0x8 c:/program files (x86)/atmel/studio/7.0/toolchain/arm/arm-gnu-toolchain/bin/../lib/gcc/arm-none-eabi/6.3.1/thumb/v7-m/crtn.o
                0x00082710                . = ALIGN (0x4)
                0x00082710                __preinit_array_start = .
 *(.preinit_array)
                0x00082710                __preinit_array_end = .
                0x00082710                . = ALIGN (0x4)
                0x00082710                __init_array_start = .
 *(SORT(.init_array.*))
 .init_array.00000
                0x00082710        0x4 c:/program files (x86)/atmel/studio/7.0/toolchain/arm/arm-gnu-toolchain/bin/../lib/gcc/arm-none-eabi/6.3.1/../../../../arm-none-eabi/lib/thumb/v7-m\libc.a(lib_a-__call_atexit.o)
 *(.init_array)
 .init_array    0x00082714        0x4 c:/program files (x86)/atmel/studio/7.0/toolchain/arm/arm-gnu-toolchain/bin/../lib/gcc/arm-none-eabi/6.3.1/thumb/v7-m/crtbegin.o
                0x00082718                __init_array_end = .
                0x00082718                . = ALIGN (0x4)
 *crtbegin.o(.ctors)
 *(EXCLUDE_FILE(*crtend.o) .ctors)
 *(SORT(.ctors.*))
 *crtend.o(.ctors)
                0x00082718                . = ALIGN (0x4)
 *(.fini)
 .fini          0x00082718        0x4 c:/program files (x86)/atmel/studio/7.0/toolchain/arm/arm-gnu-toolchain/bin/../lib/gcc/arm-none-eabi/6.3.1/thumb/v7-m/crti.o
                0x00082718                _fini
 .fini          0x0008271c        0x8 c:/program files (x86)/atmel/studio/7.0/toolchain/arm/arm-gnu-toolchain/bin/../lib/gcc/arm-none-eabi/6.3.1/thumb/v7-m/crtn.o
                0x00082724                . = ALIGN (0x4)
                0x00082724                __fini_array_start = .
 *(.fini_array)
 .fini_array    0x00082724        0x4 c:/program files (x86)/atmel/studio/7.0/toolchain/arm/arm-gnu-toolchain/bin/../lib/gcc/arm-none-eabi/6.3.1/thumb/v7-m/crtbegin.o
 *(SORT(.fini_array.*))
                0x00082728                __fini_array_end = .
 *crtbegin.o(.dtors)
 *(EXCLUDE_FILE(*crtend.o) .dtors)
 *(SORT(.dtors.*))
 *crtend.o(.dtors)
                0x00082728                . = ALIGN (0x4)
                0x00082728                _efixed = .
                [!provide]                PROVIDE (__exidx_start, .)

.vfp11_veneer   0x00082728        0x0
 .vfp11_veneer  0x00082728        0x0 linker stubs

.v4_bx          0x00082728        0x0
 .v4_bx         0x00082728        0x0 linker stubs

.iplt           0x00082728        0x0
 .iplt          0x00082728        0x0 c:/program files (x86)/atmel/studio/7.0/toolchain/arm/arm-gnu-toolchain/bin/../lib/gcc/arm-none-eabi/6.3.1/thumb/v7-m/crtbegin.o

.eh_frame       0x00082728        0x0
 .eh_frame      0x00082728        0x0 c:/program files (x86)/atmel/studio/7.0/toolchain/arm/arm-gnu-toolchain/bin/../lib/gcc/arm-none-eabi/6.3.1/thumb/v7-m/crtbegin.o

.rel.dyn        0x00082728        0x0
 .rel.iplt      0x00082728        0x0 c:/program files (x86)/atmel/studio/7.0/toolchain/arm/arm-gnu-toolchain/bin/../lib/gcc/arm-none-eabi/6.3.1/thumb/v7-m/crtbegin.o

.jcr            0x00082728        0x0
 .jcr           0x00082728        0x0 c:/program files (x86)/atmel/studio/7.0/toolchain/arm/arm-gnu-toolchain/bin/../lib/gcc/arm-none-eabi/6.3.1/thumb/v7-m/crtbegin.o

.igot.plt       0x00082728        0x0
 .igot.plt      0x00082728        0x0 c:/program files (x86)/atmel/studio/7.0/toolchain/arm/arm-gnu-toolchain/bin/../lib/gcc/arm-none-eabi/6.3.1/thumb/v7-m/crtbegin.o

.ARM.exidx
 *(.ARM.exidx* .gnu.linkonce.armexidx.*)
                [!provide]                PROVIDE (__exidx_end, .)
                0x00082728                . = ALIGN (0x4)
                0x00082728                _etext = .

.relocate       0x20070000      0x984 load address 0x00082728
                0x20070000                . = ALIGN (0x4)
                0x20070000                _srelocate = .
 *(.ramfunc .ramfunc.*)
 .ramfunc       0x20070000        0xa src/ASF/common/services/delay/sam/cycle_counter.o
                0x20070000                portable_delay_cycles
 *fill*         0x2007000a        0x2 
 .ramfunc       0x2007000c      0x12c src/ASF/sam/utils/cmsis/sam3x/source/templates/system_sam3x.o
                0x2007000c                SystemInit
                0x200700b0                system_init_flash
 *(.data .data.*)
 .data.xNextTaskUnblockTime
                0x20070138        0x4 src/ASF/thirdparty/freertos/freertos-7.3.0/source/tasks.o
 .data.SystemCoreClock
                0x2007013c        0x4 src/ASF/sam/utils/cmsis/sam3x/source/templates/system_sam3x.o
                0x2007013c                SystemCoreClock
 .data._impure_ptr
                0x20070140        0x4 c:/program files (x86)/atmel/studio/7.0/toolchain/arm/arm-gnu-toolchain/bin/../lib/gcc/arm-none-eabi/6.3.1/../../../../arm-none-eabi/lib/thumb/v7-m\libc.a(lib_a-impure.o)
                0x20070140                _impure_ptr
 *fill*         0x20070144        0x4 
 .data.impure_data
                0x20070148      0x428 c:/program files (x86)/atmel/studio/7.0/toolchain/arm/arm-gnu-toolchain/bin/../lib/gcc/arm-none-eabi/6.3.1/../../../../arm-none-eabi/lib/thumb/v7-m\libc.a(lib_a-impure.o)
 .data.__atexit_recursive_mutex
                0x20070570        0x4 c:/program files (x86)/atmel/studio/7.0/toolchain/arm/arm-gnu-toolchain/bin/../lib/gcc/arm-none-eabi/6.3.1/../../../../arm-none-eabi/lib/thumb/v7-m\libc.a(lib_a-__call_atexit.o)
                0x20070570                __atexit_recursive_mutex
 .data.__malloc_av_
                0x20070574      0x408 c:/program files (x86)/atmel/studio/7.0/toolchain/arm/arm-gnu-toolchain/bin/../lib/gcc/arm-none-eabi/6.3.1/../../../../arm-none-eabi/lib/thumb/v7-m\libc.a(lib_a-mallocr.o)
                0x20070574                __malloc_av_
 .data.__malloc_sbrk_base
                0x2007097c        0x4 c:/program files (x86)/atmel/studio/7.0/toolchain/arm/arm-gnu-toolchain/bin/../lib/gcc/arm-none-eabi/6.3.1/../../../../arm-none-eabi/lib/thumb/v7-m\libc.a(lib_a-mallocr.o)
                0x2007097c                __malloc_sbrk_base
 .data.__malloc_trim_threshold
                0x20070980        0x4 c:/program files (x86)/atmel/studio/7.0/toolchain/arm/arm-gnu-toolchain/bin/../lib/gcc/arm-none-eabi/6.3.1/../../../../arm-none-eabi/lib/thumb/v7-m\libc.a(lib_a-mallocr.o)
                0x20070980                __malloc_trim_threshold
                0x20070984                . = ALIGN (0x4)
                0x20070984                _erelocate = .

.bss            0x20070984      0x188 load address 0x000830ac
                0x20070984                . = ALIGN (0x4)
                0x20070984                _sbss = .
                0x20070984                _szero = .
 *(.bss .bss.*)
 .bss           0x20070984       0x1c c:/program files (x86)/atmel/studio/7.0/toolchain/arm/arm-gnu-toolchain/bin/../lib/gcc/arm-none-eabi/6.3.1/thumb/v7-m/crtbegin.o
 .bss.limit_end_x
                0x200709a0        0x2 src/ASF/common/components/display/ili9341/ili9341.o
 .bss.limit_end_y
                0x200709a2        0x2 src/ASF/common/components/display/ili9341/ili9341.o
 .bss.limit_start_x
                0x200709a4        0x2 src/ASF/common/components/display/ili9341/ili9341.o
 .bss.limit_start_y
                0x200709a6        0x2 src/ASF/common/components/display/ili9341/ili9341.o
 .bss.pxCurrentTCB
                0x200709a8        0x4 src/ASF/thirdparty/freertos/freertos-7.3.0/source/tasks.o
                0x200709a8                pxCurrentTCB
 .bss.pxDelayedTaskList
                0x200709ac        0x4 src/ASF/thirdparty/freertos/freertos-7.3.0/source/tasks.o
 .bss.pxOverflowDelayedTaskList
                0x200709b0        0x4 src/ASF/thirdparty/freertos/freertos-7.3.0/source/tasks.o
 .bss.pxReadyTasksLists
                0x200709b4       0x64 src/ASF/thirdparty/freertos/freertos-7.3.0/source/tasks.o
 .bss.uxMissedTicks
                0x20070a18        0x4 src/ASF/thirdparty/freertos/freertos-7.3.0/source/tasks.o
 .bss.uxSchedulerSuspended
                0x20070a1c        0x4 src/ASF/thirdparty/freertos/freertos-7.3.0/source/tasks.o
 .bss.uxTopReadyPriority
                0x20070a20        0x4 src/ASF/thirdparty/freertos/freertos-7.3.0/source/tasks.o
 .bss.xMissedYield
                0x20070a24        0x4 src/ASF/thirdparty/freertos/freertos-7.3.0/source/tasks.o
 .bss.xNumOfOverflows
                0x20070a28        0x4 src/ASF/thirdparty/freertos/freertos-7.3.0/source/tasks.o
 .bss.xTickCount
                0x20070a2c        0x4 src/ASF/thirdparty/freertos/freertos-7.3.0/source/tasks.o
 .bss.gs_interrupt_sources
                0x20070a30       0x70 src/ASF/sam/drivers/pio/pio_handler.o
 .bss.heap.5297
                0x20070aa0        0x4 src/ASF/sam/utils/syscalls/gcc/syscalls.o
 .bss.__malloc_current_mallinfo
                0x20070aa4       0x28 c:/program files (x86)/atmel/studio/7.0/toolchain/arm/arm-gnu-toolchain/bin/../lib/gcc/arm-none-eabi/6.3.1/../../../../arm-none-eabi/lib/thumb/v7-m\libc.a(lib_a-mallocr.o)
                0x20070aa4                __malloc_current_mallinfo
 .bss.__malloc_max_sbrked_mem
                0x20070acc        0x4 c:/program files (x86)/atmel/studio/7.0/toolchain/arm/arm-gnu-toolchain/bin/../lib/gcc/arm-none-eabi/6.3.1/../../../../arm-none-eabi/lib/thumb/v7-m\libc.a(lib_a-mallocr.o)
                0x20070acc                __malloc_max_sbrked_mem
 .bss.__malloc_max_total_mem
                0x20070ad0        0x4 c:/program files (x86)/atmel/studio/7.0/toolchain/arm/arm-gnu-toolchain/bin/../lib/gcc/arm-none-eabi/6.3.1/../../../../arm-none-eabi/lib/thumb/v7-m\libc.a(lib_a-mallocr.o)
                0x20070ad0                __malloc_max_total_mem
 .bss.__malloc_top_pad
                0x20070ad4        0x4 c:/program files (x86)/atmel/studio/7.0/toolchain/arm/arm-gnu-toolchain/bin/../lib/gcc/arm-none-eabi/6.3.1/../../../../arm-none-eabi/lib/thumb/v7-m\libc.a(lib_a-mallocr.o)
                0x20070ad4                __malloc_top_pad
 *(COMMON)
 COMMON         0x20070ad8        0x4 src/ASF/common/utils/stdio/read.o
                0x20070ad8                ptr_get
 COMMON         0x20070adc        0x8 src/ASF/common/utils/stdio/write.o
                0x20070adc                ptr_put
                0x20070ae0                stdio_base
 COMMON         0x20070ae4       0x21 c:/program files (x86)/atmel/studio/7.0/toolchain/arm/arm-gnu-toolchain/bin/../lib/gcc/arm-none-eabi/6.3.1/../../../../arm-none-eabi/lib/thumb/v7-m\libc.a(lib_a-lock.o)
                0x20070ae4                __lock___atexit_recursive_mutex
                0x20070ae8                __lock___arc4random_mutex
                0x20070aec                __lock___env_recursive_mutex
                0x20070af0                __lock___sinit_recursive_mutex
                0x20070af4                __lock___malloc_recursive_mutex
                0x20070af8                __lock___at_quick_exit_mutex
                0x20070afc                __lock___dd_hash_mutex
                0x20070b00                __lock___tz_mutex
                0x20070b04                __lock___sfp_recursive_mutex
 *fill*         0x20070b05        0x3 
 COMMON         0x20070b08        0x4 c:/program files (x86)/atmel/studio/7.0/toolchain/arm/arm-gnu-toolchain/bin/../lib/gcc/arm-none-eabi/6.3.1/../../../../arm-none-eabi/lib/thumb/v7-m\libc.a(lib_a-reent.o)
                0x20070b08                errno
                0x20070b0c                . = ALIGN (0x4)
                0x20070b0c                _ebss = .
                0x20070b0c                _ezero = .

.stack          0x20070b0c     0x2004 load address 0x00083234
                0x20070b10                . = ALIGN (0x8)
 *fill*         0x20070b0c        0x4 
                0x20070b10                _sstack = .
                0x20072b10                . = (. + __stack_size__)
 *fill*         0x20070b10     0x2000 
                0x20072b10                . = ALIGN (0x8)
                0x20072b10                _estack = .
                0x20072b10                . = ALIGN (0x4)
                0x20072b10                _end = .
OUTPUT(RoomAutomation-MainControlUnit.elf elf32-littlearm)

.ARM.attributes
                0x00000000       0x29
 .ARM.attributes
                0x00000000       0x1d c:/program files (x86)/atmel/studio/7.0/toolchain/arm/arm-gnu-toolchain/bin/../lib/gcc/arm-none-eabi/6.3.1/thumb/v7-m/crti.o
 .ARM.attributes
                0x0000001d       0x2d c:/program files (x86)/atmel/studio/7.0/toolchain/arm/arm-gnu-toolchain/bin/../lib/gcc/arm-none-eabi/6.3.1/thumb/v7-m/crtbegin.o
 .ARM.attributes
                0x0000004a       0x33 src/ASF/common/components/display/ili9341/ili9341.o
 .ARM.attributes
                0x0000007d       0x33 src/ASF/common/services/delay/sam/cycle_counter.o
 .ARM.attributes
                0x000000b0       0x33 src/ASF/common/services/spi/sam_spi/spi_master.o
 .ARM.attributes
                0x000000e3       0x33 src/ASF/common/utils/stdio/read.o
 .ARM.attributes
                0x00000116       0x33 src/ASF/common/utils/stdio/write.o
 .ARM.attributes
                0x00000149       0x33 src/ASF/sam/drivers/spi/spi.o
 .ARM.attributes
                0x0000017c       0x33 src/ASF/sam/drivers/uart/uart.o
 .ARM.attributes
                0x000001af       0x33 src/ASF/sam/drivers/usart/usart.o
 .ARM.attributes
                0x000001e2       0x33 src/ASF/thirdparty/freertos/freertos-7.3.0/source/list.o
 .ARM.attributes
                0x00000215       0x33 src/ASF/thirdparty/freertos/freertos-7.3.0/source/portable/gcc/sam/port.o
 .ARM.attributes
                0x00000248       0x33 src/ASF/thirdparty/freertos/freertos-7.3.0/source/tasks.o
 .ARM.attributes
                0x0000027b       0x33 src/ASF/common/services/clock/sam3x/sysclk.o
 .ARM.attributes
                0x000002ae       0x33 src/ASF/sam/boards/arduino_due_x/init.o
 .ARM.attributes
                0x000002e1       0x33 src/ASF/sam/drivers/pio/pio.o
 .ARM.attributes
                0x00000314       0x33 src/ASF/sam/drivers/pio/pio_handler.o
 .ARM.attributes
                0x00000347       0x33 src/ASF/sam/drivers/pmc/pmc.o
 .ARM.attributes
                0x0000037a       0x33 src/ASF/sam/utils/cmsis/sam3x/source/templates/exceptions.o
 .ARM.attributes
                0x000003ad       0x33 src/ASF/sam/utils/cmsis/sam3x/source/templates/gcc/startup_sam3x.o
 .ARM.attributes
                0x000003e0       0x33 src/ASF/sam/utils/cmsis/sam3x/source/templates/system_sam3x.o
 .ARM.attributes
                0x00000413       0x33 src/ASF/sam/utils/syscalls/gcc/syscalls.o
 .ARM.attributes
                0x00000446       0x33 src/main.o
 .ARM.attributes
                0x00000479       0x2d c:/program files (x86)/atmel/studio/7.0/toolchain/arm/arm-gnu-toolchain/bin/../lib/gcc/arm-none-eabi/6.3.1/../../../../arm-none-eabi/lib/thumb/v7-m\libc.a(lib_a-impure.o)
 .ARM.attributes
                0x000004a6       0x2d c:/program files (x86)/atmel/studio/7.0/toolchain/arm/arm-gnu-toolchain/bin/../lib/gcc/arm-none-eabi/6.3.1/../../../../arm-none-eabi/lib/thumb/v7-m\libc.a(lib_a-init.o)
 .ARM.attributes
                0x000004d3       0x2d c:/program files (x86)/atmel/studio/7.0/toolchain/arm/arm-gnu-toolchain/bin/../lib/gcc/arm-none-eabi/6.3.1/../../../../arm-none-eabi/lib/thumb/v7-m\libc.a(lib_a-memset.o)
 .ARM.attributes
                0x00000500       0x2d c:/program files (x86)/atmel/studio/7.0/toolchain/arm/arm-gnu-toolchain/bin/../lib/gcc/arm-none-eabi/6.3.1/../../../../arm-none-eabi/lib/thumb/v7-m\libc.a(lib_a-setbuf.o)
 .ARM.attributes
                0x0000052d       0x2d c:/program files (x86)/atmel/studio/7.0/toolchain/arm/arm-gnu-toolchain/bin/../lib/gcc/arm-none-eabi/6.3.1/../../../../arm-none-eabi/lib/thumb/v7-m\libc.a(lib_a-setvbuf.o)
 .ARM.attributes
                0x0000055a       0x2d c:/program files (x86)/atmel/studio/7.0/toolchain/arm/arm-gnu-toolchain/bin/../lib/gcc/arm-none-eabi/6.3.1/../../../../arm-none-eabi/lib/thumb/v7-m\libc.a(lib_a-__call_atexit.o)
 .ARM.attributes
                0x00000587       0x2d c:/program files (x86)/atmel/studio/7.0/toolchain/arm/arm-gnu-toolchain/bin/../lib/gcc/arm-none-eabi/6.3.1/../../../../arm-none-eabi/lib/thumb/v7-m\libc.a(lib_a-atexit.o)
 .ARM.attributes
                0x000005b4       0x2d c:/program files (x86)/atmel/studio/7.0/toolchain/arm/arm-gnu-toolchain/bin/../lib/gcc/arm-none-eabi/6.3.1/../../../../arm-none-eabi/lib/thumb/v7-m\libc.a(lib_a-fflush.o)
 .ARM.attributes
                0x000005e1       0x2d c:/program files (x86)/atmel/studio/7.0/toolchain/arm/arm-gnu-toolchain/bin/../lib/gcc/arm-none-eabi/6.3.1/../../../../arm-none-eabi/lib/thumb/v7-m\libc.a(lib_a-findfp.o)
 .ARM.attributes
                0x0000060e       0x2d c:/program files (x86)/atmel/studio/7.0/toolchain/arm/arm-gnu-toolchain/bin/../lib/gcc/arm-none-eabi/6.3.1/../../../../arm-none-eabi/lib/thumb/v7-m\libc.a(lib_a-fini.o)
 .ARM.attributes
                0x0000063b       0x2d c:/program files (x86)/atmel/studio/7.0/toolchain/arm/arm-gnu-toolchain/bin/../lib/gcc/arm-none-eabi/6.3.1/../../../../arm-none-eabi/lib/thumb/v7-m\libc.a(lib_a-freer.o)
 .ARM.attributes
                0x00000668       0x2d c:/program files (x86)/atmel/studio/7.0/toolchain/arm/arm-gnu-toolchain/bin/../lib/gcc/arm-none-eabi/6.3.1/../../../../arm-none-eabi/lib/thumb/v7-m\libc.a(lib_a-fwalk.o)
 .ARM.attributes
                0x00000695       0x2d c:/program files (x86)/atmel/studio/7.0/toolchain/arm/arm-gnu-toolchain/bin/../lib/gcc/arm-none-eabi/6.3.1/../../../../arm-none-eabi/lib/thumb/v7-m\libc.a(lib_a-lock.o)
 .ARM.attributes
                0x000006c2       0x2d c:/program files (x86)/atmel/studio/7.0/toolchain/arm/arm-gnu-toolchain/bin/../lib/gcc/arm-none-eabi/6.3.1/../../../../arm-none-eabi/lib/thumb/v7-m\libc.a(lib_a-makebuf.o)
 .ARM.attributes
                0x000006ef       0x2d c:/program files (x86)/atmel/studio/7.0/toolchain/arm/arm-gnu-toolchain/bin/../lib/gcc/arm-none-eabi/6.3.1/../../../../arm-none-eabi/lib/thumb/v7-m\libc.a(lib_a-malloc.o)
 .ARM.attributes
                0x0000071c       0x2d c:/program files (x86)/atmel/studio/7.0/toolchain/arm/arm-gnu-toolchain/bin/../lib/gcc/arm-none-eabi/6.3.1/../../../../arm-none-eabi/lib/thumb/v7-m\libc.a(lib_a-mallocr.o)
 .ARM.attributes
                0x00000749       0x2d c:/program files (x86)/atmel/studio/7.0/toolchain/arm/arm-gnu-toolchain/bin/../lib/gcc/arm-none-eabi/6.3.1/../../../../arm-none-eabi/lib/thumb/v7-m\libc.a(lib_a-mlock.o)
 .ARM.attributes
                0x00000776       0x2d c:/program files (x86)/atmel/studio/7.0/toolchain/arm/arm-gnu-toolchain/bin/../lib/gcc/arm-none-eabi/6.3.1/../../../../arm-none-eabi/lib/thumb/v7-m\libc.a(lib_a-sbrkr.o)
 .ARM.attributes
                0x000007a3       0x2d c:/program files (x86)/atmel/studio/7.0/toolchain/arm/arm-gnu-toolchain/bin/../lib/gcc/arm-none-eabi/6.3.1/../../../../arm-none-eabi/lib/thumb/v7-m\libc.a(lib_a-stdio.o)
 .ARM.attributes
                0x000007d0       0x2d c:/program files (x86)/atmel/studio/7.0/toolchain/arm/arm-gnu-toolchain/bin/../lib/gcc/arm-none-eabi/6.3.1/../../../../arm-none-eabi/lib/thumb/v7-m\libc.a(lib_a-writer.o)
 .ARM.attributes
                0x000007fd       0x2d c:/program files (x86)/atmel/studio/7.0/toolchain/arm/arm-gnu-toolchain/bin/../lib/gcc/arm-none-eabi/6.3.1/../../../../arm-none-eabi/lib/thumb/v7-m\libc.a(lib_a-__atexit.o)
 .ARM.attributes
                0x0000082a       0x2d c:/program files (x86)/atmel/studio/7.0/toolchain/arm/arm-gnu-toolchain/bin/../lib/gcc/arm-none-eabi/6.3.1/../../../../arm-none-eabi/lib/thumb/v7-m\libc.a(lib_a-closer.o)
 .ARM.attributes
                0x00000857       0x2d c:/program files (x86)/atmel/studio/7.0/toolchain/arm/arm-gnu-toolchain/bin/../lib/gcc/arm-none-eabi/6.3.1/../../../../arm-none-eabi/lib/thumb/v7-m\libc.a(lib_a-fclose.o)
 .ARM.attributes
                0x00000884       0x2d c:/program files (x86)/atmel/studio/7.0/toolchain/arm/arm-gnu-toolchain/bin/../lib/gcc/arm-none-eabi/6.3.1/../../../../arm-none-eabi/lib/thumb/v7-m\libc.a(lib_a-fstatr.o)
 .ARM.attributes
                0x000008b1       0x2d c:/program files (x86)/atmel/studio/7.0/toolchain/arm/arm-gnu-toolchain/bin/../lib/gcc/arm-none-eabi/6.3.1/../../../../arm-none-eabi/lib/thumb/v7-m\libc.a(lib_a-lseekr.o)
 .ARM.attributes
                0x000008de       0x2d c:/program files (x86)/atmel/studio/7.0/toolchain/arm/arm-gnu-toolchain/bin/../lib/gcc/arm-none-eabi/6.3.1/../../../../arm-none-eabi/lib/thumb/v7-m\libc.a(lib_a-readr.o)
 .ARM.attributes
                0x0000090b       0x2d c:/program files (x86)/atmel/studio/7.0/toolchain/arm/arm-gnu-toolchain/bin/../lib/gcc/arm-none-eabi/6.3.1/../../../../arm-none-eabi/lib/thumb/v7-m\libc.a(lib_a-reent.o)
 .ARM.attributes
                0x00000938       0x1d c:/program files (x86)/atmel/studio/7.0/toolchain/arm/arm-gnu-toolchain/bin/../lib/gcc/arm-none-eabi/6.3.1/thumb/v7-m/crtn.o

.comment        0x00000000       0x59
 .comment       0x00000000       0x59 src/ASF/common/components/display/ili9341/ili9341.o
                                 0x5a (size before relaxing)
 .comment       0x00000059       0x5a src/ASF/common/services/delay/sam/cycle_counter.o
 .comment       0x00000059       0x5a src/ASF/common/services/spi/sam_spi/spi_master.o
 .comment       0x00000059       0x5a src/ASF/common/utils/stdio/read.o
 .comment       0x00000059       0x5a src/ASF/common/utils/stdio/write.o
 .comment       0x00000059       0x5a src/ASF/sam/drivers/spi/spi.o
 .comment       0x00000059       0x5a src/ASF/sam/drivers/uart/uart.o
 .comment       0x00000059       0x5a src/ASF/sam/drivers/usart/usart.o
 .comment       0x00000059       0x5a src/ASF/thirdparty/freertos/freertos-7.3.0/source/list.o
 .comment       0x00000059       0x5a src/ASF/thirdparty/freertos/freertos-7.3.0/source/portable/gcc/sam/port.o
 .comment       0x00000059       0x5a src/ASF/thirdparty/freertos/freertos-7.3.0/source/tasks.o
 .comment       0x00000059       0x5a src/ASF/common/services/clock/sam3x/sysclk.o
 .comment       0x00000059       0x5a src/ASF/sam/boards/arduino_due_x/init.o
 .comment       0x00000059       0x5a src/ASF/sam/drivers/pio/pio.o
 .comment       0x00000059       0x5a src/ASF/sam/drivers/pio/pio_handler.o
 .comment       0x00000059       0x5a src/ASF/sam/drivers/pmc/pmc.o
 .comment       0x00000059       0x5a src/ASF/sam/utils/cmsis/sam3x/source/templates/exceptions.o
 .comment       0x00000059       0x5a src/ASF/sam/utils/cmsis/sam3x/source/templates/gcc/startup_sam3x.o
 .comment       0x00000059       0x5a src/ASF/sam/utils/cmsis/sam3x/source/templates/system_sam3x.o
 .comment       0x00000059       0x5a src/ASF/sam/utils/syscalls/gcc/syscalls.o
 .comment       0x00000059       0x5a src/main.o

.debug_info     0x00000000    0x1bd59
 .debug_info    0x00000000     0x4198 src/ASF/common/components/display/ili9341/ili9341.o
 .debug_info    0x00004198      0xa45 src/ASF/common/services/delay/sam/cycle_counter.o
 .debug_info    0x00004bdd     0x1601 src/ASF/common/services/spi/sam_spi/spi_master.o
 .debug_info    0x000061de      0xac9 src/ASF/common/utils/stdio/read.o
 .debug_info    0x00006ca7      0xac6 src/ASF/common/utils/stdio/write.o
 .debug_info    0x0000776d     0x1124 src/ASF/sam/drivers/spi/spi.o
 .debug_info    0x00008891     0x119e src/ASF/sam/drivers/uart/uart.o
 .debug_info    0x00009a2f     0x24e6 src/ASF/sam/drivers/usart/usart.o
 .debug_info    0x0000bf15      0xbbd src/ASF/thirdparty/freertos/freertos-7.3.0/source/list.o
 .debug_info    0x0000cad2      0xcbd src/ASF/thirdparty/freertos/freertos-7.3.0/source/portable/gcc/sam/port.o
 .debug_info    0x0000d78f     0x243f src/ASF/thirdparty/freertos/freertos-7.3.0/source/tasks.o
 .debug_info    0x0000fbce     0x11ad src/ASF/common/services/clock/sam3x/sysclk.o
 .debug_info    0x00010d7b     0x10f2 src/ASF/sam/boards/arduino_due_x/init.o
 .debug_info    0x00011e6d     0x1c61 src/ASF/sam/drivers/pio/pio.o
 .debug_info    0x00013ace     0x17be src/ASF/sam/drivers/pio/pio_handler.o
 .debug_info    0x0001528c     0x19df src/ASF/sam/drivers/pmc/pmc.o
 .debug_info    0x00016c6b      0xa39 src/ASF/sam/utils/cmsis/sam3x/source/templates/exceptions.o
 .debug_info    0x000176a4      0xd1b src/ASF/sam/utils/cmsis/sam3x/source/templates/gcc/startup_sam3x.o
 .debug_info    0x000183bf      0xdc2 src/ASF/sam/utils/cmsis/sam3x/source/templates/system_sam3x.o
 .debug_info    0x00019181      0xdb0 src/ASF/sam/utils/syscalls/gcc/syscalls.o
 .debug_info    0x00019f31     0x1e28 src/main.o

.debug_abbrev   0x00000000     0x3c22
 .debug_abbrev  0x00000000      0x451 src/ASF/common/components/display/ili9341/ili9341.o
 .debug_abbrev  0x00000451      0x1b3 src/ASF/common/services/delay/sam/cycle_counter.o
 .debug_abbrev  0x00000604      0x3c5 src/ASF/common/services/spi/sam_spi/spi_master.o
 .debug_abbrev  0x000009c9      0x1fe src/ASF/common/utils/stdio/read.o
 .debug_abbrev  0x00000bc7      0x1e9 src/ASF/common/utils/stdio/write.o
 .debug_abbrev  0x00000db0      0x394 src/ASF/sam/drivers/spi/spi.o
 .debug_abbrev  0x00001144      0x288 src/ASF/sam/drivers/uart/uart.o
 .debug_abbrev  0x000013cc      0x406 src/ASF/sam/drivers/usart/usart.o
 .debug_abbrev  0x000017d2      0x221 src/ASF/thirdparty/freertos/freertos-7.3.0/source/list.o
 .debug_abbrev  0x000019f3      0x340 src/ASF/thirdparty/freertos/freertos-7.3.0/source/portable/gcc/sam/port.o
 .debug_abbrev  0x00001d33      0x3a8 src/ASF/thirdparty/freertos/freertos-7.3.0/source/tasks.o
 .debug_abbrev  0x000020db      0x330 src/ASF/common/services/clock/sam3x/sysclk.o
 .debug_abbrev  0x0000240b      0x262 src/ASF/sam/boards/arduino_due_x/init.o
 .debug_abbrev  0x0000266d      0x3c7 src/ASF/sam/drivers/pio/pio.o
 .debug_abbrev  0x00002a34      0x329 src/ASF/sam/drivers/pio/pio_handler.o
 .debug_abbrev  0x00002d5d      0x306 src/ASF/sam/drivers/pmc/pmc.o
 .debug_abbrev  0x00003063      0x1a4 src/ASF/sam/utils/cmsis/sam3x/source/templates/exceptions.o
 .debug_abbrev  0x00003207      0x1f2 src/ASF/sam/utils/cmsis/sam3x/source/templates/gcc/startup_sam3x.o
 .debug_abbrev  0x000033f9      0x1f4 src/ASF/sam/utils/cmsis/sam3x/source/templates/system_sam3x.o
 .debug_abbrev  0x000035ed      0x264 src/ASF/sam/utils/syscalls/gcc/syscalls.o
 .debug_abbrev  0x00003851      0x3d1 src/main.o

.debug_loc      0x00000000     0x78fe
 .debug_loc     0x00000000     0x1b51 src/ASF/common/components/display/ili9341/ili9341.o
 .debug_loc     0x00001b51      0xab0 src/ASF/common/services/spi/sam_spi/spi_master.o
 .debug_loc     0x00002601       0xb3 src/ASF/common/utils/stdio/read.o
 .debug_loc     0x000026b4      0x12b src/ASF/common/utils/stdio/write.o
 .debug_loc     0x000027df      0x5b6 src/ASF/sam/drivers/spi/spi.o
 .debug_loc     0x00002d95      0x241 src/ASF/sam/drivers/uart/uart.o
 .debug_loc     0x00002fd6     0x1062 src/ASF/sam/drivers/usart/usart.o
 .debug_loc     0x00004038       0xa8 src/ASF/thirdparty/freertos/freertos-7.3.0/source/list.o
 .debug_loc     0x000040e0      0x100 src/ASF/thirdparty/freertos/freertos-7.3.0/source/portable/gcc/sam/port.o
 .debug_loc     0x000041e0     0x14ba src/ASF/thirdparty/freertos/freertos-7.3.0/source/tasks.o
 .debug_loc     0x0000569a      0x183 src/ASF/common/services/clock/sam3x/sysclk.o
 .debug_loc     0x0000581d       0x70 src/ASF/sam/boards/arduino_due_x/init.o
 .debug_loc     0x0000588d      0xacc src/ASF/sam/drivers/pio/pio.o
 .debug_loc     0x00006359      0x569 src/ASF/sam/drivers/pio/pio_handler.o
 .debug_loc     0x000068c2      0xaeb src/ASF/sam/drivers/pmc/pmc.o
 .debug_loc     0x000073ad       0x6b src/ASF/sam/utils/cmsis/sam3x/source/templates/gcc/startup_sam3x.o
 .debug_loc     0x00007418       0xfd src/ASF/sam/utils/syscalls/gcc/syscalls.o
 .debug_loc     0x00007515      0x3e9 src/main.o

.debug_aranges  0x00000000      0xc40
 .debug_aranges
                0x00000000       0x78 src/ASF/common/components/display/ili9341/ili9341.o
 .debug_aranges
                0x00000078       0x20 src/ASF/common/services/delay/sam/cycle_counter.o
 .debug_aranges
                0x00000098       0x50 src/ASF/common/services/spi/sam_spi/spi_master.o
 .debug_aranges
                0x000000e8       0x20 src/ASF/common/utils/stdio/read.o
 .debug_aranges
                0x00000108       0x20 src/ASF/common/utils/stdio/write.o
 .debug_aranges
                0x00000128       0x90 src/ASF/sam/drivers/spi/spi.o
 .debug_aranges
                0x000001b8       0xe8 src/ASF/sam/drivers/uart/uart.o
 .debug_aranges
                0x000002a0      0x2a8 src/ASF/sam/drivers/usart/usart.o
 .debug_aranges
                0x00000548       0x40 src/ASF/thirdparty/freertos/freertos-7.3.0/source/list.o
 .debug_aranges
                0x00000588       0x80 src/ASF/thirdparty/freertos/freertos-7.3.0/source/portable/gcc/sam/port.o
 .debug_aranges
                0x00000608      0x130 src/ASF/thirdparty/freertos/freertos-7.3.0/source/tasks.o
 .debug_aranges
                0x00000738       0x40 src/ASF/common/services/clock/sam3x/sysclk.o
 .debug_aranges
                0x00000778       0x20 src/ASF/sam/boards/arduino_due_x/init.o
 .debug_aranges
                0x00000798      0x148 src/ASF/sam/drivers/pio/pio.o
 .debug_aranges
                0x000008e0       0x58 src/ASF/sam/drivers/pio/pio_handler.o
 .debug_aranges
                0x00000938      0x200 src/ASF/sam/drivers/pmc/pmc.o
 .debug_aranges
                0x00000b38       0x20 src/ASF/sam/utils/cmsis/sam3x/source/templates/exceptions.o
 .debug_aranges
                0x00000b58       0x20 src/ASF/sam/utils/cmsis/sam3x/source/templates/gcc/startup_sam3x.o
 .debug_aranges
                0x00000b78       0x30 src/ASF/sam/utils/cmsis/sam3x/source/templates/system_sam3x.o
 .debug_aranges
                0x00000ba8       0x60 src/ASF/sam/utils/syscalls/gcc/syscalls.o
 .debug_aranges
                0x00000c08       0x38 src/main.o

.debug_ranges   0x00000000      0xc90
 .debug_ranges  0x00000000       0xe0 src/ASF/common/components/display/ili9341/ili9341.o
 .debug_ranges  0x000000e0       0x10 src/ASF/common/services/delay/sam/cycle_counter.o
 .debug_ranges  0x000000f0       0x88 src/ASF/common/services/spi/sam_spi/spi_master.o
 .debug_ranges  0x00000178       0x10 src/ASF/common/utils/stdio/read.o
 .debug_ranges  0x00000188       0x10 src/ASF/common/utils/stdio/write.o
 .debug_ranges  0x00000198       0x80 src/ASF/sam/drivers/spi/spi.o
 .debug_ranges  0x00000218       0xd8 src/ASF/sam/drivers/uart/uart.o
 .debug_ranges  0x000002f0      0x298 src/ASF/sam/drivers/usart/usart.o
 .debug_ranges  0x00000588       0x30 src/ASF/thirdparty/freertos/freertos-7.3.0/source/list.o
 .debug_ranges  0x000005b8       0x70 src/ASF/thirdparty/freertos/freertos-7.3.0/source/portable/gcc/sam/port.o
 .debug_ranges  0x00000628      0x1d0 src/ASF/thirdparty/freertos/freertos-7.3.0/source/tasks.o
 .debug_ranges  0x000007f8       0x30 src/ASF/common/services/clock/sam3x/sysclk.o
 .debug_ranges  0x00000828       0x10 src/ASF/sam/boards/arduino_due_x/init.o
 .debug_ranges  0x00000838      0x150 src/ASF/sam/drivers/pio/pio.o
 .debug_ranges  0x00000988       0x60 src/ASF/sam/drivers/pio/pio_handler.o
 .debug_ranges  0x000009e8      0x1f0 src/ASF/sam/drivers/pmc/pmc.o
 .debug_ranges  0x00000bd8       0x10 src/ASF/sam/utils/cmsis/sam3x/source/templates/exceptions.o
 .debug_ranges  0x00000be8       0x10 src/ASF/sam/utils/cmsis/sam3x/source/templates/gcc/startup_sam3x.o
 .debug_ranges  0x00000bf8       0x20 src/ASF/sam/utils/cmsis/sam3x/source/templates/system_sam3x.o
 .debug_ranges  0x00000c18       0x50 src/ASF/sam/utils/syscalls/gcc/syscalls.o
 .debug_ranges  0x00000c68       0x28 src/main.o

.debug_macro    0x00000000    0x1a1f8
 .debug_macro   0x00000000      0x65f src/ASF/common/components/display/ili9341/ili9341.o
 .debug_macro   0x0000065f      0x8d4 src/ASF/common/components/display/ili9341/ili9341.o
 .debug_macro   0x00000f33      0x16d src/ASF/common/components/display/ili9341/ili9341.o
 .debug_macro   0x000010a0      0x64b src/ASF/common/components/display/ili9341/ili9341.o
 .debug_macro   0x000016eb       0x76 src/ASF/common/components/display/ili9341/ili9341.o
 .debug_macro   0x00001761       0x16 src/ASF/common/components/display/ili9341/ili9341.o
 .debug_macro   0x00001777      0x6e4 src/ASF/common/components/display/ili9341/ili9341.o
 .debug_macro   0x00001e5b       0x22 src/ASF/common/components/display/ili9341/ili9341.o
 .debug_macro   0x00001e7d       0x87 src/ASF/common/components/display/ili9341/ili9341.o
 .debug_macro   0x00001f04       0x51 src/ASF/common/components/display/ili9341/ili9341.o
 .debug_macro   0x00001f55       0xef src/ASF/common/components/display/ili9341/ili9341.o
 .debug_macro   0x00002044       0x6a src/ASF/common/components/display/ili9341/ili9341.o
 .debug_macro   0x000020ae      0x1df src/ASF/common/components/display/ili9341/ili9341.o
 .debug_macro   0x0000228d       0x20 src/ASF/common/components/display/ili9341/ili9341.o
 .debug_macro   0x000022ad       0x3a src/ASF/common/components/display/ili9341/ili9341.o
 .debug_macro   0x000022e7       0x2d src/ASF/common/components/display/ili9341/ili9341.o
 .debug_macro   0x00002314      0xbb1 src/ASF/common/components/display/ili9341/ili9341.o
 .debug_macro   0x00002ec5      0xab6 src/ASF/common/components/display/ili9341/ili9341.o
 .debug_macro   0x0000397b      0x569 src/ASF/common/components/display/ili9341/ili9341.o
 .debug_macro   0x00003ee4      0x2b5 src/ASF/common/components/display/ili9341/ili9341.o
 .debug_macro   0x00004199      0x31a src/ASF/common/components/display/ili9341/ili9341.o
 .debug_macro   0x000044b3      0x74f src/ASF/common/components/display/ili9341/ili9341.o
 .debug_macro   0x00004c02       0x82 src/ASF/common/components/display/ili9341/ili9341.o
 .debug_macro   0x00004c84      0x57b src/ASF/common/components/display/ili9341/ili9341.o
 .debug_macro   0x000051ff       0x1c src/ASF/common/components/display/ili9341/ili9341.o
 .debug_macro   0x0000521b      0x6b7 src/ASF/common/components/display/ili9341/ili9341.o
 .debug_macro   0x000058d2      0x52d src/ASF/common/components/display/ili9341/ili9341.o
 .debug_macro   0x00005dff       0xbe src/ASF/common/components/display/ili9341/ili9341.o
 .debug_macro   0x00005ebd     0x2342 src/ASF/common/components/display/ili9341/ili9341.o
 .debug_macro   0x000081ff      0x85d src/ASF/common/components/display/ili9341/ili9341.o
 .debug_macro   0x00008a5c      0xdc9 src/ASF/common/components/display/ili9341/ili9341.o
 .debug_macro   0x00009825       0x7c src/ASF/common/components/display/ili9341/ili9341.o
 .debug_macro   0x000098a1      0x263 src/ASF/common/components/display/ili9341/ili9341.o
 .debug_macro   0x00009b04       0x58 src/ASF/common/components/display/ili9341/ili9341.o
 .debug_macro   0x00009b5c      0x9a7 src/ASF/common/components/display/ili9341/ili9341.o
 .debug_macro   0x0000a503      0x248 src/ASF/common/components/display/ili9341/ili9341.o
 .debug_macro   0x0000a74b      0x4df src/ASF/common/components/display/ili9341/ili9341.o
 .debug_macro   0x0000ac2a      0x6b3 src/ASF/common/components/display/ili9341/ili9341.o
 .debug_macro   0x0000b2dd      0x59f src/ASF/common/components/display/ili9341/ili9341.o
 .debug_macro   0x0000b87c       0x46 src/ASF/common/components/display/ili9341/ili9341.o
 .debug_macro   0x0000b8c2      0x34d src/ASF/common/components/display/ili9341/ili9341.o
 .debug_macro   0x0000bc0f      0x28c src/ASF/common/components/display/ili9341/ili9341.o
 .debug_macro   0x0000be9b     0x14d7 src/ASF/common/components/display/ili9341/ili9341.o
 .debug_macro   0x0000d372      0x7ba src/ASF/common/components/display/ili9341/ili9341.o
 .debug_macro   0x0000db2c       0x76 src/ASF/common/components/display/ili9341/ili9341.o
 .debug_macro   0x0000dba2       0x82 src/ASF/common/components/display/ili9341/ili9341.o
 .debug_macro   0x0000dc24       0x76 src/ASF/common/components/display/ili9341/ili9341.o
 .debug_macro   0x0000dc9a       0x4c src/ASF/common/components/display/ili9341/ili9341.o
 .debug_macro   0x0000dce6      0x105 src/ASF/common/components/display/ili9341/ili9341.o
 .debug_macro   0x0000ddeb      0x105 src/ASF/common/components/display/ili9341/ili9341.o
 .debug_macro   0x0000def0      0x105 src/ASF/common/components/display/ili9341/ili9341.o
 .debug_macro   0x0000dff5       0x88 src/ASF/common/components/display/ili9341/ili9341.o
 .debug_macro   0x0000e07d       0x88 src/ASF/common/components/display/ili9341/ili9341.o
 .debug_macro   0x0000e105      0x3b4 src/ASF/common/components/display/ili9341/ili9341.o
 .debug_macro   0x0000e4b9       0xb8 src/ASF/common/components/display/ili9341/ili9341.o
 .debug_macro   0x0000e571       0xb8 src/ASF/common/components/display/ili9341/ili9341.o
 .debug_macro   0x0000e629       0xb8 src/ASF/common/components/display/ili9341/ili9341.o
 .debug_macro   0x0000e6e1       0xb8 src/ASF/common/components/display/ili9341/ili9341.o
 .debug_macro   0x0000e799      0x2b8 src/ASF/common/components/display/ili9341/ili9341.o
 .debug_macro   0x0000ea51      0x125 src/ASF/common/components/display/ili9341/ili9341.o
 .debug_macro   0x0000eb76      0x225 src/ASF/common/components/display/ili9341/ili9341.o
 .debug_macro   0x0000ed9b      0x225 src/ASF/common/components/display/ili9341/ili9341.o
 .debug_macro   0x0000efc0       0x2e src/ASF/common/components/display/ili9341/ili9341.o
 .debug_macro   0x0000efee       0xac src/ASF/common/components/display/ili9341/ili9341.o
 .debug_macro   0x0000f09a      0x14d src/ASF/common/components/display/ili9341/ili9341.o
 .debug_macro   0x0000f1e7       0x7c src/ASF/common/components/display/ili9341/ili9341.o
 .debug_macro   0x0000f263      0x205 src/ASF/common/components/display/ili9341/ili9341.o
 .debug_macro   0x0000f468       0x64 src/ASF/common/components/display/ili9341/ili9341.o
 .debug_macro   0x0000f4cc       0xa6 src/ASF/common/components/display/ili9341/ili9341.o
 .debug_macro   0x0000f572       0x7c src/ASF/common/components/display/ili9341/ili9341.o
 .debug_macro   0x0000f5ee       0x16 src/ASF/common/components/display/ili9341/ili9341.o
 .debug_macro   0x0000f604       0x22 src/ASF/common/components/display/ili9341/ili9341.o
 .debug_macro   0x0000f626       0x22 src/ASF/common/components/display/ili9341/ili9341.o
 .debug_macro   0x0000f648      0x115 src/ASF/common/components/display/ili9341/ili9341.o
 .debug_macro   0x0000f75d      0x115 src/ASF/common/components/display/ili9341/ili9341.o
 .debug_macro   0x0000f872      0x115 src/ASF/common/components/display/ili9341/ili9341.o
 .debug_macro   0x0000f987      0x115 src/ASF/common/components/display/ili9341/ili9341.o
 .debug_macro   0x0000fa9c       0x1c src/ASF/common/components/display/ili9341/ili9341.o
 .debug_macro   0x0000fab8       0x2e src/ASF/common/components/display/ili9341/ili9341.o
 .debug_macro   0x0000fae6       0x22 src/ASF/common/components/display/ili9341/ili9341.o
 .debug_macro   0x0000fb08       0x1c src/ASF/common/components/display/ili9341/ili9341.o
 .debug_macro   0x0000fb24       0x58 src/ASF/common/components/display/ili9341/ili9341.o
 .debug_macro   0x0000fb7c       0x10 src/ASF/common/components/display/ili9341/ili9341.o
 .debug_macro   0x0000fb8c      0x273 src/ASF/common/components/display/ili9341/ili9341.o
 .debug_macro   0x0000fdff      0xd43 src/ASF/common/components/display/ili9341/ili9341.o
 .debug_macro   0x00010b42      0x131 src/ASF/common/components/display/ili9341/ili9341.o
 .debug_macro   0x00010c73       0x58 src/ASF/common/components/display/ili9341/ili9341.o
 .debug_macro   0x00010ccb       0x35 src/ASF/common/components/display/ili9341/ili9341.o
 .debug_macro   0x00010d00       0x9c src/ASF/common/components/display/ili9341/ili9341.o
 .debug_macro   0x00010d9c       0x16 src/ASF/common/components/display/ili9341/ili9341.o
 .debug_macro   0x00010db2       0x35 src/ASF/common/components/display/ili9341/ili9341.o
 .debug_macro   0x00010de7      0x353 src/ASF/common/components/display/ili9341/ili9341.o
 .debug_macro   0x0001113a       0x10 src/ASF/common/components/display/ili9341/ili9341.o
 .debug_macro   0x0001114a       0x58 src/ASF/common/components/display/ili9341/ili9341.o
 .debug_macro   0x000111a2       0x1f src/ASF/common/components/display/ili9341/ili9341.o
 .debug_macro   0x000111c1       0x43 src/ASF/common/components/display/ili9341/ili9341.o
 .debug_macro   0x00011204       0x20 src/ASF/common/components/display/ili9341/ili9341.o
 .debug_macro   0x00011224      0x187 src/ASF/common/components/display/ili9341/ili9341.o
 .debug_macro   0x000113ab       0x10 src/ASF/common/components/display/ili9341/ili9341.o
 .debug_macro   0x000113bb       0x1c src/ASF/common/components/display/ili9341/ili9341.o
 .debug_macro   0x000113d7       0x52 src/ASF/common/components/display/ili9341/ili9341.o
 .debug_macro   0x00011429       0x40 src/ASF/common/components/display/ili9341/ili9341.o
 .debug_macro   0x00011469       0x10 src/ASF/common/components/display/ili9341/ili9341.o
 .debug_macro   0x00011479       0x40 src/ASF/common/components/display/ili9341/ili9341.o
 .debug_macro   0x000114b9       0xd7 src/ASF/common/components/display/ili9341/ili9341.o
 .debug_macro   0x00011590       0x16 src/ASF/common/components/display/ili9341/ili9341.o
 .debug_macro   0x000115a6      0x18b src/ASF/common/components/display/ili9341/ili9341.o
 .debug_macro   0x00011731       0x22 src/ASF/common/components/display/ili9341/ili9341.o
 .debug_macro   0x00011753       0x16 src/ASF/common/components/display/ili9341/ili9341.o
 .debug_macro   0x00011769       0x16 src/ASF/common/components/display/ili9341/ili9341.o
 .debug_macro   0x0001177f       0x29 src/ASF/common/components/display/ili9341/ili9341.o
 .debug_macro   0x000117a8       0x75 src/ASF/common/components/display/ili9341/ili9341.o
 .debug_macro   0x0001181d       0x45 src/ASF/common/components/display/ili9341/ili9341.o
 .debug_macro   0x00011862      0x3ca src/ASF/common/components/display/ili9341/ili9341.o
 .debug_macro   0x00011c2c      0x790 src/ASF/common/components/display/ili9341/ili9341.o
 .debug_macro   0x000123bc       0x28 src/ASF/common/components/display/ili9341/ili9341.o
 .debug_macro   0x000123e4       0x34 src/ASF/common/components/display/ili9341/ili9341.o
 .debug_macro   0x00012418      0x2c6 src/ASF/common/components/display/ili9341/ili9341.o
 .debug_macro   0x000126de       0x5e src/ASF/common/components/display/ili9341/ili9341.o
 .debug_macro   0x0001273c       0x64 src/ASF/common/components/display/ili9341/ili9341.o
 .debug_macro   0x000127a0       0x5f src/ASF/common/components/display/ili9341/ili9341.o
 .debug_macro   0x000127ff       0x90 src/ASF/common/components/display/ili9341/ili9341.o
 .debug_macro   0x0001288f       0x6a src/ASF/common/components/display/ili9341/ili9341.o
 .debug_macro   0x000128f9       0x16 src/ASF/common/components/display/ili9341/ili9341.o
 .debug_macro   0x0001290f       0x28 src/ASF/common/components/display/ili9341/ili9341.o
 .debug_macro   0x00012937       0x2e src/ASF/common/components/display/ili9341/ili9341.o
 .debug_macro   0x00012965       0x3a src/ASF/common/components/display/ili9341/ili9341.o
 .debug_macro   0x0001299f      0x203 src/ASF/common/components/display/ili9341/ili9341.o
 .debug_macro   0x00012ba2       0x28 src/ASF/common/components/display/ili9341/ili9341.o
 .debug_macro   0x00012bca       0x23 src/ASF/common/components/display/ili9341/ili9341.o
 .debug_macro   0x00012bed      0x55f src/ASF/common/services/delay/sam/cycle_counter.o
 .debug_macro   0x0001314c       0x22 src/ASF/common/services/delay/sam/cycle_counter.o
 .debug_macro   0x0001316e      0x612 src/ASF/common/services/spi/sam_spi/spi_master.o
 .debug_macro   0x00013780      0x550 src/ASF/common/utils/stdio/read.o
 .debug_macro   0x00013cd0      0x550 src/ASF/common/utils/stdio/write.o
 .debug_macro   0x00014220      0x5e1 src/ASF/sam/drivers/spi/spi.o
 .debug_macro   0x00014801       0x10 src/ASF/sam/drivers/spi/spi.o
 .debug_macro   0x00014811      0x55f src/ASF/sam/drivers/uart/uart.o
 .debug_macro   0x00014d70       0x16 src/ASF/sam/drivers/uart/uart.o
 .debug_macro   0x00014d86      0x59b src/ASF/sam/drivers/usart/usart.o
 .debug_macro   0x00015321       0x28 src/ASF/sam/drivers/usart/usart.o
 .debug_macro   0x00015349      0x17f src/ASF/thirdparty/freertos/freertos-7.3.0/source/list.o
 .debug_macro   0x000154c8      0x10e src/ASF/thirdparty/freertos/freertos-7.3.0/source/list.o
 .debug_macro   0x000155d6       0x86 src/ASF/thirdparty/freertos/freertos-7.3.0/source/list.o
 .debug_macro   0x0001565c       0xfa src/ASF/thirdparty/freertos/freertos-7.3.0/source/list.o
 .debug_macro   0x00015756      0x69f src/ASF/thirdparty/freertos/freertos-7.3.0/source/portable/gcc/sam/port.o
 .debug_macro   0x00015df5       0x26 src/ASF/thirdparty/freertos/freertos-7.3.0/source/portable/gcc/sam/port.o
 .debug_macro   0x00015e1b      0x2c0 src/ASF/thirdparty/freertos/freertos-7.3.0/source/portable/gcc/sam/port.o
 .debug_macro   0x000160db      0x2ee src/ASF/thirdparty/freertos/freertos-7.3.0/source/tasks.o
 .debug_macro   0x000163c9       0x97 src/ASF/thirdparty/freertos/freertos-7.3.0/source/tasks.o
 .debug_macro   0x00016460       0xf6 src/ASF/thirdparty/freertos/freertos-7.3.0/source/tasks.o
 .debug_macro   0x00016556       0x5b src/ASF/thirdparty/freertos/freertos-7.3.0/source/tasks.o
 .debug_macro   0x000165b1       0x16 src/ASF/thirdparty/freertos/freertos-7.3.0/source/tasks.o
 .debug_macro   0x000165c7      0x5d1 src/ASF/common/services/clock/sam3x/sysclk.o
 .debug_macro   0x00016b98      0x616 src/ASF/sam/boards/arduino_due_x/init.o
 .debug_macro   0x000171ae       0x22 src/ASF/sam/boards/arduino_due_x/init.o
 .debug_macro   0x000171d0       0x94 src/ASF/sam/boards/arduino_due_x/init.o
 .debug_macro   0x00017264       0x40 src/ASF/sam/boards/arduino_due_x/init.o
 .debug_macro   0x000172a4      0x56b src/ASF/sam/drivers/pio/pio.o
 .debug_macro   0x0001780f       0x8e src/ASF/sam/drivers/pio/pio.o
 .debug_macro   0x0001789d      0x56f src/ASF/sam/drivers/pio/pio_handler.o
 .debug_macro   0x00017e0c      0x565 src/ASF/sam/drivers/pmc/pmc.o
 .debug_macro   0x00018371       0x58 src/ASF/sam/drivers/pmc/pmc.o
 .debug_macro   0x000183c9      0x564 src/ASF/sam/utils/cmsis/sam3x/source/templates/exceptions.o
 .debug_macro   0x0001892d      0x572 src/ASF/sam/utils/cmsis/sam3x/source/templates/gcc/startup_sam3x.o
 .debug_macro   0x00018e9f      0x572 src/ASF/sam/utils/cmsis/sam3x/source/templates/system_sam3x.o
 .debug_macro   0x00019411      0x1d6 src/ASF/sam/utils/syscalls/gcc/syscalls.o
 .debug_macro   0x000195e7       0x4c src/ASF/sam/utils/syscalls/gcc/syscalls.o
 .debug_macro   0x00019633       0x16 src/ASF/sam/utils/syscalls/gcc/syscalls.o
 .debug_macro   0x00019649       0x10 src/ASF/sam/utils/syscalls/gcc/syscalls.o
 .debug_macro   0x00019659       0x10 src/ASF/sam/utils/syscalls/gcc/syscalls.o
 .debug_macro   0x00019669       0x35 src/ASF/sam/utils/syscalls/gcc/syscalls.o
 .debug_macro   0x0001969e      0x122 src/ASF/sam/utils/syscalls/gcc/syscalls.o
 .debug_macro   0x000197c0      0x7b1 src/main.o
 .debug_macro   0x00019f71      0x100 src/main.o
 .debug_macro   0x0001a071       0x43 src/main.o
 .debug_macro   0x0001a0b4       0x77 src/main.o
 .debug_macro   0x0001a12b       0x5d src/main.o
 .debug_macro   0x0001a188       0x70 src/main.o

.debug_line     0x00000000    0x10ca0
 .debug_line    0x00000000     0x1429 src/ASF/common/components/display/ili9341/ili9341.o
 .debug_line    0x00001429      0xb4e src/ASF/common/services/delay/sam/cycle_counter.o
 .debug_line    0x00001f77      0xe41 src/ASF/common/services/spi/sam_spi/spi_master.o
 .debug_line    0x00002db8      0xb48 src/ASF/common/utils/stdio/read.o
 .debug_line    0x00003900      0xb40 src/ASF/common/utils/stdio/write.o
 .debug_line    0x00004440      0xdab src/ASF/sam/drivers/spi/spi.o
 .debug_line    0x000051eb      0xcfb src/ASF/sam/drivers/uart/uart.o
 .debug_line    0x00005ee6     0x1222 src/ASF/sam/drivers/usart/usart.o
 .debug_line    0x00007108      0x467 src/ASF/thirdparty/freertos/freertos-7.3.0/source/list.o
 .debug_line    0x0000756f      0xe3c src/ASF/thirdparty/freertos/freertos-7.3.0/source/portable/gcc/sam/port.o
 .debug_line    0x000083ab      0xaff src/ASF/thirdparty/freertos/freertos-7.3.0/source/tasks.o
 .debug_line    0x00008eaa      0xcba src/ASF/common/services/clock/sam3x/sysclk.o
 .debug_line    0x00009b64      0xd54 src/ASF/sam/boards/arduino_due_x/init.o
 .debug_line    0x0000a8b8      0xec9 src/ASF/sam/drivers/pio/pio.o
 .debug_line    0x0000b781      0xc0d src/ASF/sam/drivers/pio/pio_handler.o
 .debug_line    0x0000c38e     0x10c0 src/ASF/sam/drivers/pmc/pmc.o
 .debug_line    0x0000d44e      0xb23 src/ASF/sam/utils/cmsis/sam3x/source/templates/exceptions.o
 .debug_line    0x0000df71      0xb6c src/ASF/sam/utils/cmsis/sam3x/source/templates/gcc/startup_sam3x.o
 .debug_line    0x0000eadd      0xb9e src/ASF/sam/utils/cmsis/sam3x/source/templates/system_sam3x.o
 .debug_line    0x0000f67b      0x40b src/ASF/sam/utils/syscalls/gcc/syscalls.o
 .debug_line    0x0000fa86     0x121a src/main.o

.debug_str      0x00000000    0x6a6db
 .debug_str     0x00000000    0x61c44 src/ASF/common/components/display/ili9341/ili9341.o
                              0x620c5 (size before relaxing)
 .debug_str     0x00061c44       0x35 src/ASF/common/services/delay/sam/cycle_counter.o
                              0x5c97d (size before relaxing)
 .debug_str     0x00061c79      0x4a0 src/ASF/common/services/spi/sam_spi/spi_master.o
                              0x60ccc (size before relaxing)
 .debug_str     0x00062119       0x3f src/ASF/common/utils/stdio/read.o
                              0x5c802 (size before relaxing)
 .debug_str     0x00062158       0x2e src/ASF/common/utils/stdio/write.o
                              0x5c803 (size before relaxing)
 .debug_str     0x00062186      0x267 src/ASF/sam/drivers/spi/spi.o
                              0x60913 (size before relaxing)
 .debug_str     0x000623ed      0x3c6 src/ASF/sam/drivers/uart/uart.o
                              0x5cbce (size before relaxing)
 .debug_str     0x000627b3      0xb1d src/ASF/sam/drivers/usart/usart.o
                              0x5d47f (size before relaxing)
 .debug_str     0x000632d0     0x1b7a src/ASF/thirdparty/freertos/freertos-7.3.0/source/list.o
                               0x80f5 (size before relaxing)
 .debug_str     0x00064e4a      0x882 src/ASF/thirdparty/freertos/freertos-7.3.0/source/portable/gcc/sam/port.o
                              0x6279a (size before relaxing)
 .debug_str     0x000656cc     0x153e src/ASF/thirdparty/freertos/freertos-7.3.0/source/tasks.o
                               0xab90 (size before relaxing)
 .debug_str     0x00066c0a      0x352 src/ASF/common/services/clock/sam3x/sysclk.o
                              0x608b4 (size before relaxing)
 .debug_str     0x00066f5c      0x6f0 src/ASF/sam/boards/arduino_due_x/init.o
                              0x60fbe (size before relaxing)
 .debug_str     0x0006764c      0x3fe src/ASF/sam/drivers/pio/pio.o
                              0x5d1ad (size before relaxing)
 .debug_str     0x00067a4a      0x466 src/ASF/sam/drivers/pio/pio_handler.o
                              0x5d2a6 (size before relaxing)
 .debug_str     0x00067eb0      0x567 src/ASF/sam/drivers/pmc/pmc.o
                              0x5d229 (size before relaxing)
 .debug_str     0x00068417       0x4d src/ASF/sam/utils/cmsis/sam3x/source/templates/exceptions.o
                              0x5c822 (size before relaxing)
 .debug_str     0x00068464       0xd9 src/ASF/sam/utils/cmsis/sam3x/source/templates/gcc/startup_sam3x.o
                              0x5c91e (size before relaxing)
 .debug_str     0x0006853d      0x195 src/ASF/sam/utils/cmsis/sam3x/source/templates/system_sam3x.o
                              0x5cafa (size before relaxing)
 .debug_str     0x000686d2      0x768 src/ASF/sam/utils/syscalls/gcc/syscalls.o
                               0x7456 (size before relaxing)
 .debug_str     0x00068e3a     0x18a1 src/main.o
                              0x65781 (size before relaxing)

.debug_frame    0x00000000     0x2314
 .debug_frame   0x00000000      0x148 src/ASF/common/components/display/ili9341/ili9341.o
 .debug_frame   0x00000148       0x20 src/ASF/common/services/delay/sam/cycle_counter.o
 .debug_frame   0x00000168      0x108 src/ASF/common/services/spi/sam_spi/spi_master.o
 .debug_frame   0x00000270       0x30 src/ASF/common/utils/stdio/read.o
 .debug_frame   0x000002a0       0x48 src/ASF/common/utils/stdio/write.o
 .debug_frame   0x000002e8      0x140 src/ASF/sam/drivers/spi/spi.o
 .debug_frame   0x00000428      0x1bc src/ASF/sam/drivers/uart/uart.o
 .debug_frame   0x000005e4      0x5cc src/ASF/sam/drivers/usart/usart.o
 .debug_frame   0x00000bb0       0x6c src/ASF/thirdparty/freertos/freertos-7.3.0/source/list.o
 .debug_frame   0x00000c1c      0x100 src/ASF/thirdparty/freertos/freertos-7.3.0/source/portable/gcc/sam/port.o
 .debug_frame   0x00000d1c      0x3d8 src/ASF/thirdparty/freertos/freertos-7.3.0/source/tasks.o
 .debug_frame   0x000010f4       0x88 src/ASF/common/services/clock/sam3x/sysclk.o
 .debug_frame   0x0000117c       0x28 src/ASF/sam/boards/arduino_due_x/init.o
 .debug_frame   0x000011a4      0x2b8 src/ASF/sam/drivers/pio/pio.o
 .debug_frame   0x0000145c       0xf8 src/ASF/sam/drivers/pio/pio_handler.o
 .debug_frame   0x00001554      0x3ec src/ASF/sam/drivers/pmc/pmc.o
 .debug_frame   0x00001940       0x20 src/ASF/sam/utils/cmsis/sam3x/source/templates/exceptions.o
 .debug_frame   0x00001960       0x28 src/ASF/sam/utils/cmsis/sam3x/source/templates/gcc/startup_sam3x.o
 .debug_frame   0x00001988       0x40 src/ASF/sam/utils/cmsis/sam3x/source/templates/system_sam3x.o
 .debug_frame   0x000019c8       0xa0 src/ASF/sam/utils/syscalls/gcc/syscalls.o
 .debug_frame   0x00001a68       0x90 src/main.o
 .debug_frame   0x00001af8       0x2c c:/program files (x86)/atmel/studio/7.0/toolchain/arm/arm-gnu-toolchain/bin/../lib/gcc/arm-none-eabi/6.3.1/../../../../arm-none-eabi/lib/thumb/v7-m\libc.a(lib_a-init.o)
 .debug_frame   0x00001b24       0x34 c:/program files (x86)/atmel/studio/7.0/toolchain/arm/arm-gnu-toolchain/bin/../lib/gcc/arm-none-eabi/6.3.1/../../../../arm-none-eabi/lib/thumb/v7-m\libc.a(lib_a-memset.o)
 .debug_frame   0x00001b58       0x20 c:/program files (x86)/atmel/studio/7.0/toolchain/arm/arm-gnu-toolchain/bin/../lib/gcc/arm-none-eabi/6.3.1/../../../../arm-none-eabi/lib/thumb/v7-m\libc.a(lib_a-setbuf.o)
 .debug_frame   0x00001b78       0x48 c:/program files (x86)/atmel/studio/7.0/toolchain/arm/arm-gnu-toolchain/bin/../lib/gcc/arm-none-eabi/6.3.1/../../../../arm-none-eabi/lib/thumb/v7-m\libc.a(lib_a-setvbuf.o)
 .debug_frame   0x00001bc0       0x5c c:/program files (x86)/atmel/studio/7.0/toolchain/arm/arm-gnu-toolchain/bin/../lib/gcc/arm-none-eabi/6.3.1/../../../../arm-none-eabi/lib/thumb/v7-m\libc.a(lib_a-__call_atexit.o)
 .debug_frame   0x00001c1c       0x20 c:/program files (x86)/atmel/studio/7.0/toolchain/arm/arm-gnu-toolchain/bin/../lib/gcc/arm-none-eabi/6.3.1/../../../../arm-none-eabi/lib/thumb/v7-m\libc.a(lib_a-atexit.o)
 .debug_frame   0x00001c3c       0x5c c:/program files (x86)/atmel/studio/7.0/toolchain/arm/arm-gnu-toolchain/bin/../lib/gcc/arm-none-eabi/6.3.1/../../../../arm-none-eabi/lib/thumb/v7-m\libc.a(lib_a-fflush.o)
 .debug_frame   0x00001c98      0x150 c:/program files (x86)/atmel/studio/7.0/toolchain/arm/arm-gnu-toolchain/bin/../lib/gcc/arm-none-eabi/6.3.1/../../../../arm-none-eabi/lib/thumb/v7-m\libc.a(lib_a-findfp.o)
 .debug_frame   0x00001de8       0x34 c:/program files (x86)/atmel/studio/7.0/toolchain/arm/arm-gnu-toolchain/bin/../lib/gcc/arm-none-eabi/6.3.1/../../../../arm-none-eabi/lib/thumb/v7-m\libc.a(lib_a-fini.o)
 .debug_frame   0x00001e1c       0x74 c:/program files (x86)/atmel/studio/7.0/toolchain/arm/arm-gnu-toolchain/bin/../lib/gcc/arm-none-eabi/6.3.1/../../../../arm-none-eabi/lib/thumb/v7-m\libc.a(lib_a-freer.o)
 .debug_frame   0x00001e90       0x54 c:/program files (x86)/atmel/studio/7.0/toolchain/arm/arm-gnu-toolchain/bin/../lib/gcc/arm-none-eabi/6.3.1/../../../../arm-none-eabi/lib/thumb/v7-m\libc.a(lib_a-fwalk.o)
 .debug_frame   0x00001ee4       0xb0 c:/program files (x86)/atmel/studio/7.0/toolchain/arm/arm-gnu-toolchain/bin/../lib/gcc/arm-none-eabi/6.3.1/../../../../arm-none-eabi/lib/thumb/v7-m\libc.a(lib_a-lock.o)
 .debug_frame   0x00001f94       0x68 c:/program files (x86)/atmel/studio/7.0/toolchain/arm/arm-gnu-toolchain/bin/../lib/gcc/arm-none-eabi/6.3.1/../../../../arm-none-eabi/lib/thumb/v7-m\libc.a(lib_a-makebuf.o)
 .debug_frame   0x00001ffc       0x30 c:/program files (x86)/atmel/studio/7.0/toolchain/arm/arm-gnu-toolchain/bin/../lib/gcc/arm-none-eabi/6.3.1/../../../../arm-none-eabi/lib/thumb/v7-m\libc.a(lib_a-malloc.o)
 .debug_frame   0x0000202c       0x54 c:/program files (x86)/atmel/studio/7.0/toolchain/arm/arm-gnu-toolchain/bin/../lib/gcc/arm-none-eabi/6.3.1/../../../../arm-none-eabi/lib/thumb/v7-m\libc.a(lib_a-mallocr.o)
 .debug_frame   0x00002080       0x30 c:/program files (x86)/atmel/studio/7.0/toolchain/arm/arm-gnu-toolchain/bin/../lib/gcc/arm-none-eabi/6.3.1/../../../../arm-none-eabi/lib/thumb/v7-m\libc.a(lib_a-mlock.o)
 .debug_frame   0x000020b0       0x2c c:/program files (x86)/atmel/studio/7.0/toolchain/arm/arm-gnu-toolchain/bin/../lib/gcc/arm-none-eabi/6.3.1/../../../../arm-none-eabi/lib/thumb/v7-m\libc.a(lib_a-sbrkr.o)
 .debug_frame   0x000020dc       0x88 c:/program files (x86)/atmel/studio/7.0/toolchain/arm/arm-gnu-toolchain/bin/../lib/gcc/arm-none-eabi/6.3.1/../../../../arm-none-eabi/lib/thumb/v7-m\libc.a(lib_a-stdio.o)
 .debug_frame   0x00002164       0x30 c:/program files (x86)/atmel/studio/7.0/toolchain/arm/arm-gnu-toolchain/bin/../lib/gcc/arm-none-eabi/6.3.1/../../../../arm-none-eabi/lib/thumb/v7-m\libc.a(lib_a-writer.o)
 .debug_frame   0x00002194       0x34 c:/program files (x86)/atmel/studio/7.0/toolchain/arm/arm-gnu-toolchain/bin/../lib/gcc/arm-none-eabi/6.3.1/../../../../arm-none-eabi/lib/thumb/v7-m\libc.a(lib_a-__atexit.o)
 .debug_frame   0x000021c8       0x2c c:/program files (x86)/atmel/studio/7.0/toolchain/arm/arm-gnu-toolchain/bin/../lib/gcc/arm-none-eabi/6.3.1/../../../../arm-none-eabi/lib/thumb/v7-m\libc.a(lib_a-closer.o)
 .debug_frame   0x000021f4       0x3c c:/program files (x86)/atmel/studio/7.0/toolchain/arm/arm-gnu-toolchain/bin/../lib/gcc/arm-none-eabi/6.3.1/../../../../arm-none-eabi/lib/thumb/v7-m\libc.a(lib_a-fclose.o)
 .debug_frame   0x00002230       0x2c c:/program files (x86)/atmel/studio/7.0/toolchain/arm/arm-gnu-toolchain/bin/../lib/gcc/arm-none-eabi/6.3.1/../../../../arm-none-eabi/lib/thumb/v7-m\libc.a(lib_a-fstatr.o)
 .debug_frame   0x0000225c       0x30 c:/program files (x86)/atmel/studio/7.0/toolchain/arm/arm-gnu-toolchain/bin/../lib/gcc/arm-none-eabi/6.3.1/../../../../arm-none-eabi/lib/thumb/v7-m\libc.a(lib_a-lseekr.o)
 .debug_frame   0x0000228c       0x30 c:/program files (x86)/atmel/studio/7.0/toolchain/arm/arm-gnu-toolchain/bin/../lib/gcc/arm-none-eabi/6.3.1/../../../../arm-none-eabi/lib/thumb/v7-m\libc.a(lib_a-readr.o)
 .debug_frame   0x000022bc       0x58 c:/program files (x86)/atmel/studio/7.0/toolchain/arm/arm-gnu-toolchain/bin/../lib/gcc/arm-none-eabi/6.3.1/../../../../arm-none-eabi/lib/thumb/v7-m\libc.a(lib_a-reent.o)

Cross Reference Table

Symbol                                            File
ADC_Handler                                       src/ASF/sam/utils/cmsis/sam3x/source/templates/exceptions.o
                                                  src/ASF/sam/utils/cmsis/sam3x/source/templates/gcc/startup_sam3x.o
BusFault_Handler                                  src/ASF/sam/utils/cmsis/sam3x/source/templates/exceptions.o
                                                  src/ASF/sam/utils/cmsis/sam3x/source/templates/gcc/startup_sam3x.o
CAN0_Handler                                      src/ASF/sam/utils/cmsis/sam3x/source/templates/exceptions.o
                                                  src/ASF/sam/utils/cmsis/sam3x/source/templates/gcc/startup_sam3x.o
CAN1_Handler                                      src/ASF/sam/utils/cmsis/sam3x/source/templates/exceptions.o
                                                  src/ASF/sam/utils/cmsis/sam3x/source/templates/gcc/startup_sam3x.o
DACC_Handler                                      src/ASF/sam/utils/cmsis/sam3x/source/templates/exceptions.o
                                                  src/ASF/sam/utils/cmsis/sam3x/source/templates/gcc/startup_sam3x.o
DMAC_Handler                                      src/ASF/sam/utils/cmsis/sam3x/source/templates/exceptions.o
                                                  src/ASF/sam/utils/cmsis/sam3x/source/templates/gcc/startup_sam3x.o
DebugMon_Handler                                  src/ASF/sam/utils/cmsis/sam3x/source/templates/exceptions.o
                                                  src/ASF/sam/utils/cmsis/sam3x/source/templates/gcc/startup_sam3x.o
Dummy_Handler                                     src/ASF/sam/utils/cmsis/sam3x/source/templates/exceptions.o
EFC0_Handler                                      src/ASF/sam/utils/cmsis/sam3x/source/templates/exceptions.o
                                                  src/ASF/sam/utils/cmsis/sam3x/source/templates/gcc/startup_sam3x.o
EFC1_Handler                                      src/ASF/sam/utils/cmsis/sam3x/source/templates/exceptions.o
                                                  src/ASF/sam/utils/cmsis/sam3x/source/templates/gcc/startup_sam3x.o
EMAC_Handler                                      src/ASF/sam/utils/cmsis/sam3x/source/templates/exceptions.o
                                                  src/ASF/sam/utils/cmsis/sam3x/source/templates/gcc/startup_sam3x.o
FreeRTOS_CLIGetOutputBuffer                       src/ASF/thirdparty/freertos/freertos-7.3.0/source/FreeRTOS_CLI.o
FreeRTOS_CLIGetParameter                          src/ASF/thirdparty/freertos/freertos-7.3.0/source/FreeRTOS_CLI.o
FreeRTOS_CLIProcessCommand                        src/ASF/thirdparty/freertos/freertos-7.3.0/source/FreeRTOS_CLI.o
FreeRTOS_CLIRegisterCommand                       src/ASF/thirdparty/freertos/freertos-7.3.0/source/FreeRTOS_CLI.o
HSMCI_Handler                                     src/ASF/sam/utils/cmsis/sam3x/source/templates/exceptions.o
                                                  src/ASF/sam/utils/cmsis/sam3x/source/templates/gcc/startup_sam3x.o
HardFault_Handler                                 src/ASF/sam/utils/cmsis/sam3x/source/templates/exceptions.o
                                                  src/ASF/sam/utils/cmsis/sam3x/source/templates/gcc/startup_sam3x.o
MemManage_Handler                                 src/ASF/sam/utils/cmsis/sam3x/source/templates/exceptions.o
                                                  src/ASF/sam/utils/cmsis/sam3x/source/templates/gcc/startup_sam3x.o
NMI_Handler                                       src/ASF/sam/utils/cmsis/sam3x/source/templates/exceptions.o
                                                  src/ASF/sam/utils/cmsis/sam3x/source/templates/gcc/startup_sam3x.o
PIOA_Handler                                      src/ASF/sam/drivers/pio/pio_handler.o
                                                  src/ASF/sam/utils/cmsis/sam3x/source/templates/gcc/startup_sam3x.o
PIOB_Handler                                      src/ASF/sam/drivers/pio/pio_handler.o
                                                  src/ASF/sam/utils/cmsis/sam3x/source/templates/gcc/startup_sam3x.o
PIOC_Handler                                      src/ASF/sam/drivers/pio/pio_handler.o
                                                  src/ASF/sam/utils/cmsis/sam3x/source/templates/gcc/startup_sam3x.o
PIOD_Handler                                      src/ASF/sam/drivers/pio/pio_handler.o
                                                  src/ASF/sam/utils/cmsis/sam3x/source/templates/gcc/startup_sam3x.o
PMC_Handler                                       src/ASF/sam/utils/cmsis/sam3x/source/templates/exceptions.o
                                                  src/ASF/sam/utils/cmsis/sam3x/source/templates/gcc/startup_sam3x.o
PWM_Handler                                       src/ASF/sam/utils/cmsis/sam3x/source/templates/exceptions.o
                                                  src/ASF/sam/utils/cmsis/sam3x/source/templates/gcc/startup_sam3x.o
PendSV_Handler                                    src/ASF/thirdparty/freertos/freertos-7.3.0/source/portable/gcc/sam/port.o
                                                  src/ASF/sam/utils/cmsis/sam3x/source/templates/gcc/startup_sam3x.o
RSTC_Handler                                      src/ASF/sam/utils/cmsis/sam3x/source/templates/exceptions.o
                                                  src/ASF/sam/utils/cmsis/sam3x/source/templates/gcc/startup_sam3x.o
RTC_Handler                                       src/ASF/sam/utils/cmsis/sam3x/source/templates/exceptions.o
                                                  src/ASF/sam/utils/cmsis/sam3x/source/templates/gcc/startup_sam3x.o
RTT_Handler                                       src/ASF/sam/utils/cmsis/sam3x/source/templates/exceptions.o
                                                  src/ASF/sam/utils/cmsis/sam3x/source/templates/gcc/startup_sam3x.o
Reset_Handler                                     src/ASF/sam/utils/cmsis/sam3x/source/templates/gcc/startup_sam3x.o
SMC_Handler                                       src/ASF/sam/utils/cmsis/sam3x/source/templates/exceptions.o
                                                  src/ASF/sam/utils/cmsis/sam3x/source/templates/gcc/startup_sam3x.o
SPI0_Handler                                      src/ASF/sam/utils/cmsis/sam3x/source/templates/exceptions.o
                                                  src/ASF/sam/utils/cmsis/sam3x/source/templates/gcc/startup_sam3x.o
SSC_Handler                                       src/ASF/sam/utils/cmsis/sam3x/source/templates/exceptions.o
                                                  src/ASF/sam/utils/cmsis/sam3x/source/templates/gcc/startup_sam3x.o
SUPC_Handler                                      src/ASF/sam/utils/cmsis/sam3x/source/templates/exceptions.o
                                                  src/ASF/sam/utils/cmsis/sam3x/source/templates/gcc/startup_sam3x.o
SVC_Handler                                       src/ASF/thirdparty/freertos/freertos-7.3.0/source/portable/gcc/sam/port.o
                                                  src/ASF/sam/utils/cmsis/sam3x/source/templates/gcc/startup_sam3x.o